Archive member included to satisfy reference by file (symbol)

c:/program files (x86)/gnu arm embedded toolchain/10 2021.10/bin/../lib/gcc/arm-none-eabi/10.3.1/../../../../arm-none-eabi/lib/thumb/v7e-m+fp/hard\libc_nano.a(lib_a-exit.o)
                              c:/program files (x86)/gnu arm embedded toolchain/10 2021.10/bin/../lib/gcc/arm-none-eabi/10.3.1/../../../../arm-none-eabi/lib/thumb/v7e-m+fp/hard/crt0.o (exit)
c:/program files (x86)/gnu arm embedded toolchain/10 2021.10/bin/../lib/gcc/arm-none-eabi/10.3.1/../../../../arm-none-eabi/lib/thumb/v7e-m+fp/hard\libc_nano.a(lib_a-impure.o)
                              c:/program files (x86)/gnu arm embedded toolchain/10 2021.10/bin/../lib/gcc/arm-none-eabi/10.3.1/../../../../arm-none-eabi/lib/thumb/v7e-m+fp/hard\libc_nano.a(lib_a-exit.o) (_global_impure_ptr)
c:/program files (x86)/gnu arm embedded toolchain/10 2021.10/bin/../lib/gcc/arm-none-eabi/10.3.1/../../../../arm-none-eabi/lib/thumb/v7e-m+fp/hard\libc_nano.a(lib_a-init.o)
                              c:/program files (x86)/gnu arm embedded toolchain/10 2021.10/bin/../lib/gcc/arm-none-eabi/10.3.1/../../../../arm-none-eabi/lib/thumb/v7e-m+fp/hard/crt0.o (__libc_init_array)
c:/program files (x86)/gnu arm embedded toolchain/10 2021.10/bin/../lib/gcc/arm-none-eabi/10.3.1/../../../../arm-none-eabi/lib/thumb/v7e-m+fp/hard\libc_nano.a(lib_a-memcpy-stub.o)
                              build/queue.o (memcpy)
c:/program files (x86)/gnu arm embedded toolchain/10 2021.10/bin/../lib/gcc/arm-none-eabi/10.3.1/../../../../arm-none-eabi/lib/thumb/v7e-m+fp/hard\libc_nano.a(lib_a-memmove.o)
                              build/chassis_task.o (memmove)
c:/program files (x86)/gnu arm embedded toolchain/10 2021.10/bin/../lib/gcc/arm-none-eabi/10.3.1/../../../../arm-none-eabi/lib/thumb/v7e-m+fp/hard\libc_nano.a(lib_a-memset.o)
                              c:/program files (x86)/gnu arm embedded toolchain/10 2021.10/bin/../lib/gcc/arm-none-eabi/10.3.1/../../../../arm-none-eabi/lib/thumb/v7e-m+fp/hard/crt0.o (memset)
c:/program files (x86)/gnu arm embedded toolchain/10 2021.10/bin/../lib/gcc/arm-none-eabi/10.3.1/../../../../arm-none-eabi/lib/thumb/v7e-m+fp/hard\libc_nano.a(lib_a-rand.o)
                              build/transfer_function.o (rand)
c:/program files (x86)/gnu arm embedded toolchain/10 2021.10/bin/../lib/gcc/arm-none-eabi/10.3.1/../../../../arm-none-eabi/lib/thumb/v7e-m+fp/hard\libc_nano.a(lib_a-sprintf.o)
                              build/ui_task.o (sprintf)
c:/program files (x86)/gnu arm embedded toolchain/10 2021.10/bin/../lib/gcc/arm-none-eabi/10.3.1/../../../../arm-none-eabi/lib/thumb/v7e-m+fp/hard\libc_nano.a(lib_a-strlen.o)
                              build/tasks.o (strlen)
c:/program files (x86)/gnu arm embedded toolchain/10 2021.10/bin/../lib/gcc/arm-none-eabi/10.3.1/../../../../arm-none-eabi/lib/thumb/v7e-m+fp/hard\libc_nano.a(lib_a-assert.o)
                              c:/program files (x86)/gnu arm embedded toolchain/10 2021.10/bin/../lib/gcc/arm-none-eabi/10.3.1/../../../../arm-none-eabi/lib/thumb/v7e-m+fp/hard\libc_nano.a(lib_a-rand.o) (__assert_func)
c:/program files (x86)/gnu arm embedded toolchain/10 2021.10/bin/../lib/gcc/arm-none-eabi/10.3.1/../../../../arm-none-eabi/lib/thumb/v7e-m+fp/hard\libc_nano.a(lib_a-fprintf.o)
                              c:/program files (x86)/gnu arm embedded toolchain/10 2021.10/bin/../lib/gcc/arm-none-eabi/10.3.1/../../../../arm-none-eabi/lib/thumb/v7e-m+fp/hard\libc_nano.a(lib_a-assert.o) (fiprintf)
c:/program files (x86)/gnu arm embedded toolchain/10 2021.10/bin/../lib/gcc/arm-none-eabi/10.3.1/../../../../arm-none-eabi/lib/thumb/v7e-m+fp/hard\libc_nano.a(lib_a-malloc.o)
                              c:/program files (x86)/gnu arm embedded toolchain/10 2021.10/bin/../lib/gcc/arm-none-eabi/10.3.1/../../../../arm-none-eabi/lib/thumb/v7e-m+fp/hard\libc_nano.a(lib_a-rand.o) (malloc)
c:/program files (x86)/gnu arm embedded toolchain/10 2021.10/bin/../lib/gcc/arm-none-eabi/10.3.1/../../../../arm-none-eabi/lib/thumb/v7e-m+fp/hard\libc_nano.a(lib_a-nano-freer.o)
                              c:/program files (x86)/gnu arm embedded toolchain/10 2021.10/bin/../lib/gcc/arm-none-eabi/10.3.1/../../../../arm-none-eabi/lib/thumb/v7e-m+fp/hard\libc_nano.a(lib_a-malloc.o) (_free_r)
c:/program files (x86)/gnu arm embedded toolchain/10 2021.10/bin/../lib/gcc/arm-none-eabi/10.3.1/../../../../arm-none-eabi/lib/thumb/v7e-m+fp/hard\libc_nano.a(lib_a-nano-mallocr.o)
                              c:/program files (x86)/gnu arm embedded toolchain/10 2021.10/bin/../lib/gcc/arm-none-eabi/10.3.1/../../../../arm-none-eabi/lib/thumb/v7e-m+fp/hard\libc_nano.a(lib_a-malloc.o) (_malloc_r)
c:/program files (x86)/gnu arm embedded toolchain/10 2021.10/bin/../lib/gcc/arm-none-eabi/10.3.1/../../../../arm-none-eabi/lib/thumb/v7e-m+fp/hard\libc_nano.a(lib_a-nano-svfprintf.o)
[...]
Memory Configuration

Name             Origin             Length             Attributes
RAM              0x20000000         0x00020000         xrw
CCMRAM           0x10000000         0x00010000         xrw
FLASH            0x08000000         0x00100000         xr
*default*        0x00000000         0xffffffff

Linker script and memory map

LOAD c:/program files (x86)/gnu arm embedded toolchain/10 2021.10/bin/../lib/gcc/arm-none-eabi/10.3.1/thumb/v7e-m+fp/hard/crti.o
LOAD c:/program files (x86)/gnu arm embedded toolchain/10 2021.10/bin/../lib/gcc/arm-none-eabi/10.3.1/thumb/v7e-m+fp/hard/crtbegin.o
LOAD c:/program files (x86)/gnu arm embedded toolchain/10 2021.10/bin/../lib/gcc/arm-none-eabi/10.3.1/../../../../arm-none-eabi/lib/thumb/v7e-m+fp/hard/crt0.o
LOAD build/main.o
LOAD build/gpio.o
LOAD build/freertos.o
LOAD build/adc.o
LOAD build/can.o
LOAD build/dma.o
LOAD build/i2c.o
LOAD build/iwdg.o
LOAD build/spi.o
LOAD build/tim.o
LOAD build/usart.o
LOAD build/stm32f4xx_it.o
LOAD build/stm32f4xx_hal_msp.o
LOAD build/stm32f4xx_hal_timebase_tim.o
LOAD build/stm32f4xx_hal_adc.o
LOAD build/stm32f4xx_hal_adc_ex.o
LOAD build/stm32f4xx_hal_rcc.o
LOAD build/stm32f4xx_hal_rcc_ex.o
LOAD build/stm32f4xx_hal_flash.o
LOAD build/stm32f4xx_hal_flash_ex.o
LOAD build/stm32f4xx_hal_flash_ramfunc.o
LOAD build/stm32f4xx_hal_gpio.o
LOAD build/stm32f4xx_hal_dma_ex.o
LOAD build/stm32f4xx_hal_dma.o
LOAD build/stm32f4xx_hal_pwr.o
LOAD build/stm32f4xx_hal_pwr_ex.o
LOAD build/stm32f4xx_hal_cortex.o
LOAD build/stm32f4xx_hal.o
LOAD build/stm32f4xx_hal_exti.o
LOAD build/stm32f4xx_hal_can.o
LOAD build/stm32f4xx_hal_i2c.o
LOAD build/stm32f4xx_hal_i2c_ex.o
LOAD build/stm32f4xx_hal_iwdg.o
LOAD build/stm32f4xx_hal_spi.o
LOAD build/stm32f4xx_hal_tim.o
LOAD build/stm32f4xx_hal_tim_ex.o
LOAD build/stm32f4xx_hal_uart.o
LOAD build/system_stm32f4xx.o
LOAD build/croutine.o
LOAD build/event_groups.o
LOAD build/list.o
LOAD build/queue.o
LOAD build/stream_buffer.o
LOAD build/tasks.o
LOAD build/timers.o
LOAD build/cmsis_os.o
LOAD build/heap_4.o
LOAD build/port.o
LOAD build/judgement_info.o
LOAD build/chassis_power_control.o
LOAD build/motor.o
LOAD build/SerialDebug.o
LOAD build/detect_task.o
LOAD build/gimbal_task.o
LOAD build/ins_task.o
LOAD build/remote_control.o
LOAD build/client_interact.o
LOAD build/VTM_info.o
LOAD build/chassis_task.o
LOAD build/ui_task.o
LOAD build/power_measure.o
LOAD build/bsp_CAN.o
LOAD build/bsp_dwt.o
LOAD build/bsp_PWM.o
LOAD build/bsp_usart_idle.o
LOAD build/bsp_adc.o
LOAD build/bsp_i2c.o
LOAD build/GravityEstimateKF.o
LOAD build/QuaternionAHRS.o
LOAD build/QuaternionEKF.o
LOAD build/controller.o
LOAD build/BMI088driver.o
LOAD build/BMI088Middleware.o
LOAD build/transfer_function.o
LOAD build/filter32.o
LOAD build/kalman_filter.o
LOAD build/system_identification.o
LOAD build/user_lib.o
LOAD build/startup_stm32f407xx.o
LOAD c:/program files (x86)/gnu arm embedded toolchain/10 2021.10/bin/../lib/gcc/arm-none-eabi/10.3.1/../../../../arm-none-eabi/lib/thumb/v7e-m+fp/hard\libc_nano.a
LOAD c:/program files (x86)/gnu arm embedded toolchain/10 2021.10/bin/../lib/gcc/arm-none-eabi/10.3.1/../../../../arm-none-eabi/lib/thumb/v7e-m+fp/hard\libm.a
LOAD c:/program files (x86)/gnu arm embedded toolchain/10 2021.10/bin/../lib/gcc/arm-none-eabi/10.3.1/../../../../arm-none-eabi/lib/thumb/v7e-m+fp/hard\libnosys.a
LOAD Drivers/CMSIS/Lib/GCC\libarm_cortexM4lf_math.a
START GROUP
LOAD c:/program files (x86)/gnu arm embedded toolchain/10 2021.10/bin/../lib/gcc/arm-none-eabi/10.3.1/thumb/v7e-m+fp/hard\libgcc.a
LOAD c:/program files (x86)/gnu arm embedded toolchain/10 2021.10/bin/../lib/gcc/arm-none-eabi/10.3.1/../../../../arm-none-eabi/lib/thumb/v7e-m+fp/hard\libc_nano.a
END GROUP
START GROUP
LOAD c:/program files (x86)/gnu arm embedded toolchain/10 2021.10/bin/../lib/gcc/arm-none-eabi/10.3.1/thumb/v7e-m+fp/hard\libgcc.a
LOAD c:/program files (x86)/gnu arm embedded toolchain/10 2021.10/bin/../lib/gcc/arm-none-eabi/10.3.1/../../../../arm-none-eabi/lib/thumb/v7e-m+fp/hard\libc_nano.a
END GROUP
LOAD c:/program files (x86)/gnu arm embedded toolchain/10 2021.10/bin/../lib/gcc/arm-none-eabi/10.3.1/thumb/v7e-m+fp/hard/crtend.o
LOAD c:/program files (x86)/gnu arm embedded toolchain/10 2021.10/bin/../lib/gcc/arm-none-eabi/10.3.1/thumb/v7e-m+fp/hard/crtn.o
                0x20020000                _estack = 0x20020000
                0x00002000                _Min_Heap_Size = 0x2000
                0x00002000                _Min_Stack_Size = 0x2000

.isr_vector     0x08000000      0x188
                0x08000000                . = ALIGN (0x4)
 *(.isr_vector)
 .isr_vector    0x08000000      0x188 build/startup_stm32f407xx.o
                0x08000000                g_pfnVectors
                0x08000188                . = ALIGN (0x4)

.text           0x08000190     0xdbf4
                0x08000190                . = ALIGN (0x4)
 *(.text)
 .text          0x08000190       0x40 c:/program files (x86)/gnu arm embedded toolchain/10 2021.10/bin/../lib/gcc/arm-none-eabi/10.3.1/thumb/v7e-m+fp/hard/crtbegin.o
 .text          0x080001d0      0x378 c:/program files (x86)/gnu arm embedded toolchain/10 2021.10/bin/../lib/gcc/arm-none-eabi/10.3.1/thumb/v7e-m+fp/hard\libgcc.a(_arm_addsubdf3.o)
                0x080001d0                __aeabi_drsub
                0x080001d8                __aeabi_dsub
                0x080001d8                __subdf3
                0x080001dc                __aeabi_dadd
                0x080001dc                __adddf3
                0x08000454                __floatunsidf
                0x08000454                __aeabi_ui2d
                0x08000474                __floatsidf
                0x08000474                __aeabi_i2d
                0x08000498                __aeabi_f2d
                0x08000498                __extendsfdf2
                0x080004dc                __floatundidf
                0x080004dc                __aeabi_ul2d
                0x080004ec                __floatdidf
                0x080004ec                __aeabi_l2d
 .text          0x08000548      0x424 c:/program files (x86)/gnu arm embedded toolchain/10 2021.10/bin/../lib/gcc/arm-none-eabi/10.3.1/thumb/v7e-m+fp/hard\libgcc.a(_arm_muldivdf3.o)
                0x08000548                __aeabi_dmul
                0x08000548                __muldf3
                0x0800079c                __divdf3
                0x0800079c                __aeabi_ddiv
 .text          0x0800096c       0xa0 c:/program files (x86)/gnu arm embedded toolchain/10 2021.10/bin/../lib/gcc/arm-none-eabi/10.3.1/thumb/v7e-m+fp/hard\libgcc.a(_arm_truncdfsf2.o)
                0x0800096c                __truncdfsf2
                0x0800096c                __aeabi_d2f
 .text          0x08000a0c       0x30 c:/program files (x86)/gnu arm embedded toolchain/10 2021.10/bin/../lib/gcc/arm-none-eabi/10.3.1/thumb/v7e-m+fp/hard\libgcc.a(_aeabi_uldivmod.o)
                0x08000a0c                __aeabi_uldivmod
 .text          0x08000a3c      0x2d0 c:/program files (x86)/gnu arm embedded toolchain/10 2021.10/bin/../lib/gcc/arm-none-eabi/10.3.1/thumb/v7e-m+fp/hard\libgcc.a(_udivmoddi4.o)
                0x08000a3c                __udivmoddi4
 .text          0x08000d0c        0x4 c:/program files (x86)/gnu arm embedded toolchain/10 2021.10/bin/../lib/gcc/arm-none-eabi/10.3.1/thumb/v7e-m+fp/hard\libgcc.a(_dvmd_tls.o)
                0x08000d0c                __aeabi_idiv0
                0x08000d0c                __aeabi_ldiv0
 *(.text*)
 .text.SystemClock_Config
                0x08000d10       0x9c build/main.o
                0x08000d10                SystemClock_Config
 .text.main     0x08000dac       0xa4 build/main.o
                0x08000dac                main
 .text.HAL_TIM_PeriodElapsedCallback
                0x08000e50       0x12 build/main.o
                0x08000e50                HAL_TIM_PeriodElapsedCallback
 .text.Error_Handler
                0x08000e62        0x2 build/main.o
                0x08000e62                Error_Handler
 .text.MX_GPIO_Init
                0x08000e64      0x204 build/gpio.o
                0x08000e64                MX_GPIO_Init
 .text.StartGimbalTask
                0x08001068       0x18 build/freertos.o
                0x08001068                StartGimbalTask
 .text.StartPowerMeasureTask
                0x08001080       0x10 build/freertos.o
                0x08001080                StartPowerMeasureTask
 .text.StartUITask
                0x08001090        0xa build/freertos.o
                0x08001090                StartUITask
 .text.StartINSTask
                0x0800109a       0x12 build/freertos.o
                0x0800109a                StartINSTask
 .text.StartDetectTask
                0x080010ac       0x58 build/freertos.o
                0x080010ac                StartDetectTask
 .text.StartChassisTask
                0x08001104      0x114 build/freertos.o
                0x08001104                StartChassisTask
 .text.vApplicationGetIdleTaskMemory
                0x08001218       0x18 build/freertos.o
                0x08001218                vApplicationGetIdleTaskMemory
 .text.vApplicationGetTimerTaskMemory
                0x08001230       0x18 build/freertos.o
                0x08001230                vApplicationGetTimerTaskMemory
 .text.MX_FREERTOS_Init
                0x08001248       0xfc build/freertos.o
                0x08001248                MX_FREERTOS_Init
 .text.MX_ADC1_Init
                0x08001344       0x70 build/adc.o
                0x08001344                MX_ADC1_Init
 .text.MX_ADC3_Init
                0x080013b4       0x70 build/adc.o
                0x080013b4                MX_ADC3_Init
 .text.HAL_ADC_MspInit
                0x08001424       0x90 build/adc.o
                0x08001424                HAL_ADC_MspInit
 .text.MX_CAN1_Init
                0x080014b4       0x44 build/can.o
                0x080014b4                MX_CAN1_Init
 .text.MX_CAN2_Init
                0x080014f8       0x44 build/can.o
                0x080014f8                MX_CAN2_Init
 .text.HAL_CAN_MspInit
                0x0800153c      0x120 build/can.o
                0x0800153c                HAL_CAN_MspInit
 .text.MX_DMA_Init
                0x0800165c       0xb8 build/dma.o
                0x0800165c                MX_DMA_Init
 .text.MX_I2C1_Init
                0x08001714       0x3c build/i2c.o
                0x08001714                MX_I2C1_Init
 .text.MX_I2C2_Init
                0x08001750       0x3c build/i2c.o
                0x08001750                MX_I2C2_Init
 .text.MX_I2C3_Init
                0x0800178c       0x3c build/i2c.o
                0x0800178c                MX_I2C3_Init
 .text.HAL_I2C_MspInit
                0x080017c8      0x1a4 build/i2c.o
                0x080017c8                HAL_I2C_MspInit
 .text.MX_SPI1_Init
                0x0800196c       0x48 build/spi.o
                0x0800196c                MX_SPI1_Init
 .text.MX_SPI2_Init
                0x080019b4       0x48 build/spi.o
                0x080019b4                MX_SPI2_Init
 .text.HAL_SPI_MspInit
                0x080019fc      0x188 build/spi.o
                0x080019fc                HAL_SPI_MspInit
 .text.MX_TIM3_Init
                0x08001b84       0x6c build/tim.o
                0x08001b84                MX_TIM3_Init
 .text.HAL_TIM_Base_MspInit
                0x08001bf0       0xe4 build/tim.o
                0x08001bf0                HAL_TIM_Base_MspInit
 .text.HAL_TIM_MspPostInit
                0x08001cd4      0x168 build/tim.o
                0x08001cd4                HAL_TIM_MspPostInit
 .text.MX_TIM1_Init
                0x08001e3c      0x124 build/tim.o
                0x08001e3c                MX_TIM1_Init
 .text.MX_TIM4_Init
                0x08001f60       0xb0 build/tim.o
                0x08001f60                MX_TIM4_Init
 .text.MX_TIM5_Init
                0x08002010       0xd4 build/tim.o
                0x08002010                MX_TIM5_Init
 .text.MX_TIM8_Init
                0x080020e4       0xec build/tim.o
                0x080020e4                MX_TIM8_Init
 .text.MX_TIM10_Init
                0x080021d0       0x74 build/tim.o
                0x080021d0                MX_TIM10_Init
 .text.MX_USART1_UART_Init
                0x08002244       0x34 build/usart.o
                0x08002244                MX_USART1_UART_Init
 .text.MX_USART3_UART_Init
                0x08002278       0x3c build/usart.o
                0x08002278                MX_USART3_UART_Init
 .text.MX_USART6_UART_Init
                0x080022b4       0x34 build/usart.o
                0x080022b4                MX_USART6_UART_Init
 .text.HAL_UART_MspInit
                0x080022e8      0x2cc build/usart.o
                0x080022e8                HAL_UART_MspInit
 .text.NMI_Handler
                0x080025b4        0x2 build/stm32f4xx_it.o
                0x080025b4                NMI_Handler
 .text.HardFault_Handler
                0x080025b6        0xe build/stm32f4xx_it.o
                0x080025b6                HardFault_Handler
 .text.MemManage_Handler
                0x080025c4        0x2 build/stm32f4xx_it.o
                0x080025c4                MemManage_Handler
 .text.BusFault_Handler
                0x080025c6        0x2 build/stm32f4xx_it.o
                0x080025c6                BusFault_Handler
 .text.UsageFault_Handler
                0x080025c8        0x2 build/stm32f4xx_it.o
                0x080025c8                UsageFault_Handler
 .text.DebugMon_Handler
                0x080025ca        0x2 build/stm32f4xx_it.o
                0x080025ca                DebugMon_Handler
 .text.EXTI3_IRQHandler
                0x080025cc        0xa build/stm32f4xx_it.o
                0x080025cc                EXTI3_IRQHandler
 .text.EXTI4_IRQHandler
                0x080025d6        0xa build/stm32f4xx_it.o
                0x080025d6                EXTI4_IRQHandler
 .text.CAN1_RX0_IRQHandler
                0x080025e0       0x10 build/stm32f4xx_it.o
                0x080025e0                CAN1_RX0_IRQHandler
 .text.EXTI9_5_IRQHandler
                0x080025f0       0x16 build/stm32f4xx_it.o
                0x080025f0                EXTI9_5_IRQHandler
 *fill*         0x08002606        0x2 
 .text.TIM2_IRQHandler
                0x08002608       0x10 build/stm32f4xx_it.o
                0x08002608                TIM2_IRQHandler
 .text.USART1_IRQHandler
                0x08002618       0x10 build/stm32f4xx_it.o
                0x08002618                USART1_IRQHandler
 .text.USART3_IRQHandler
                0x08002628       0x10 build/stm32f4xx_it.o
                0x08002628                USART3_IRQHandler
 .text.DMA2_Stream1_IRQHandler
                0x08002638       0x10 build/stm32f4xx_it.o
                0x08002638                DMA2_Stream1_IRQHandler
 .text.CAN2_RX0_IRQHandler
                0x08002648       0x10 build/stm32f4xx_it.o
                0x08002648                CAN2_RX0_IRQHandler
 .text.DMA2_Stream5_IRQHandler
                0x08002658       0x10 build/stm32f4xx_it.o
                0x08002658                DMA2_Stream5_IRQHandler
 .text.DMA2_Stream6_IRQHandler
                0x08002668       0x10 build/stm32f4xx_it.o
                0x08002668                DMA2_Stream6_IRQHandler
 .text.DMA2_Stream7_IRQHandler
                0x08002678       0x10 build/stm32f4xx_it.o
                0x08002678                DMA2_Stream7_IRQHandler
 .text.USART6_IRQHandler
                0x08002688       0x10 build/stm32f4xx_it.o
                0x08002688                USART6_IRQHandler
 .text.HAL_MspInit
                0x08002698       0x44 build/stm32f4xx_hal_msp.o
                0x08002698                HAL_MspInit
 .text.HAL_InitTick
                0x080026dc       0x78 build/stm32f4xx_hal_timebase_tim.o
                0x080026dc                HAL_InitTick
 .text.ADC_Init
                0x08002754      0x134 build/stm32f4xx_hal_adc.o
 .text.HAL_ADC_Init
                0x08002888       0x56 build/stm32f4xx_hal_adc.o
                0x08002888                HAL_ADC_Init
 *fill*         0x080028de        0x2 
 .text.HAL_ADC_Start
                0x080028e0      0x130 build/stm32f4xx_hal_adc.o
                0x080028e0                HAL_ADC_Start
 .text.HAL_ADC_PollForConversion
                0x08002a10       0xac build/stm32f4xx_hal_adc.o
                0x08002a10                HAL_ADC_PollForConversion
 .text.HAL_ADC_GetValue
                0x08002abc        0x6 build/stm32f4xx_hal_adc.o
                0x08002abc                HAL_ADC_GetValue
 *fill*         0x08002ac2        0x2 
 .text.HAL_ADC_ConfigChannel
                0x08002ac4      0x198 build/stm32f4xx_hal_adc.o
                0x08002ac4                HAL_ADC_ConfigChannel
 .text.HAL_RCC_OscConfig
                0x08002c5c      0x3ec build/stm32f4xx_hal_rcc.o
                0x08002c5c                HAL_RCC_OscConfig
 .text.HAL_RCC_GetSysClockFreq
                0x08003048       0xa4 build/stm32f4xx_hal_rcc.o
                0x08003048                HAL_RCC_GetSysClockFreq
 .text.HAL_RCC_ClockConfig
                0x080030ec      0x160 build/stm32f4xx_hal_rcc.o
                0x080030ec                HAL_RCC_ClockConfig
 .text.HAL_RCC_GetHCLKFreq
                0x0800324c        0xc build/stm32f4xx_hal_rcc.o
                0x0800324c                HAL_RCC_GetHCLKFreq
 .text.HAL_RCC_GetPCLK1Freq
                0x08003258       0x20 build/stm32f4xx_hal_rcc.o
                0x08003258                HAL_RCC_GetPCLK1Freq
 .text.HAL_RCC_GetPCLK2Freq
                0x08003278       0x20 build/stm32f4xx_hal_rcc.o
                0x08003278                HAL_RCC_GetPCLK2Freq
 .text.HAL_RCC_GetClockConfig
                0x08003298       0x3c build/stm32f4xx_hal_rcc.o
                0x08003298                HAL_RCC_GetClockConfig
 .text.HAL_GPIO_Init
                0x080032d4      0x1d0 build/stm32f4xx_hal_gpio.o
                0x080032d4                HAL_GPIO_Init
 .text.HAL_GPIO_WritePin
                0x080034a4        0xc build/stm32f4xx_hal_gpio.o
                0x080034a4                HAL_GPIO_WritePin
 .text.HAL_GPIO_EXTI_Callback
                0x080034b0        0x2 build/stm32f4xx_hal_gpio.o
                0x080034b0                HAL_GPIO_EXTI_Callback
 *fill*         0x080034b2        0x2 
 .text.HAL_GPIO_EXTI_IRQHandler
                0x080034b4       0x1c build/stm32f4xx_hal_gpio.o
                0x080034b4                HAL_GPIO_EXTI_IRQHandler
 .text.DMA_CalcBaseAndBitshift
                0x080034d0       0x44 build/stm32f4xx_hal_dma.o
 .text.DMA_CheckFifoParam
                0x08003514       0x8e build/stm32f4xx_hal_dma.o
 *fill*         0x080035a2        0x2 
 .text.HAL_DMA_Init
                0x080035a4       0xcc build/stm32f4xx_hal_dma.o
                0x080035a4                HAL_DMA_Init
 .text.HAL_DMA_IRQHandler
                0x08003670      0x1dc build/stm32f4xx_hal_dma.o
                0x08003670                HAL_DMA_IRQHandler
 .text.HAL_NVIC_SetPriorityGrouping
                0x0800384c       0x24 build/stm32f4xx_hal_cortex.o
                0x0800384c                HAL_NVIC_SetPriorityGrouping
 .text.HAL_NVIC_SetPriority
                0x08003870       0x70 build/stm32f4xx_hal_cortex.o
                0x08003870                HAL_NVIC_SetPriority
 .text.HAL_NVIC_EnableIRQ
                0x080038e0       0x1c build/stm32f4xx_hal_cortex.o
                0x080038e0                HAL_NVIC_EnableIRQ
 .text.HAL_NVIC_SystemReset
                0x080038fc       0x24 build/stm32f4xx_hal_cortex.o
                0x080038fc                HAL_NVIC_SystemReset
 .text.HAL_Init
                0x08003920       0x34 build/stm32f4xx_hal.o
                0x08003920                HAL_Init
 .text.HAL_IncTick
                0x08003954       0x18 build/stm32f4xx_hal.o
                0x08003954                HAL_IncTick
 .text.HAL_GetTick
                0x0800396c        0xc build/stm32f4xx_hal.o
                0x0800396c                HAL_GetTick
 .text.HAL_Delay
                0x08003978       0x28 build/stm32f4xx_hal.o
                0x08003978                HAL_Delay
 .text.HAL_CAN_Init
                0x080039a0      0x14c build/stm32f4xx_hal_can.o
                0x080039a0                HAL_CAN_Init
 .text.HAL_CAN_ConfigFilter
                0x08003aec      0x138 build/stm32f4xx_hal_can.o
                0x08003aec                HAL_CAN_ConfigFilter
 .text.HAL_CAN_Start
                0x08003c24       0x5c build/stm32f4xx_hal_can.o
                0x08003c24                HAL_CAN_Start
 .text.HAL_CAN_AddTxMessage
                0x08003c80       0xfc build/stm32f4xx_hal_can.o
                0x08003c80                HAL_CAN_AddTxMessage
 .text.HAL_CAN_GetTxMailboxesFreeLevel
                0x08003d7c       0x32 build/stm32f4xx_hal_can.o
                0x08003d7c                HAL_CAN_GetTxMailboxesFreeLevel
 .text.HAL_CAN_GetRxMessage
                0x08003dae      0x14a build/stm32f4xx_hal_can.o
                0x08003dae                HAL_CAN_GetRxMessage
 .text.HAL_CAN_ActivateNotification
                0x08003ef8       0x24 build/stm32f4xx_hal_can.o
                0x08003ef8                HAL_CAN_ActivateNotification
 .text.HAL_CAN_TxMailbox0CompleteCallback
                0x08003f1c        0x2 build/stm32f4xx_hal_can.o
                0x08003f1c                HAL_CAN_TxMailbox0CompleteCallback
 .text.HAL_CAN_TxMailbox1CompleteCallback
                0x08003f1e        0x2 build/stm32f4xx_hal_can.o
                0x08003f1e                HAL_CAN_TxMailbox1CompleteCallback
 .text.HAL_CAN_TxMailbox2CompleteCallback
                0x08003f20        0x2 build/stm32f4xx_hal_can.o
                0x08003f20                HAL_CAN_TxMailbox2CompleteCallback
 .text.HAL_CAN_TxMailbox0AbortCallback
                0x08003f22        0x2 build/stm32f4xx_hal_can.o
                0x08003f22                HAL_CAN_TxMailbox0AbortCallback
 .text.HAL_CAN_TxMailbox1AbortCallback
                0x08003f24        0x2 build/stm32f4xx_hal_can.o
                0x08003f24                HAL_CAN_TxMailbox1AbortCallback
 .text.HAL_CAN_TxMailbox2AbortCallback
                0x08003f26        0x2 build/stm32f4xx_hal_can.o
                0x08003f26                HAL_CAN_TxMailbox2AbortCallback
 .text.HAL_CAN_RxFifo0FullCallback
                0x08003f28        0x2 build/stm32f4xx_hal_can.o
                0x08003f28                HAL_CAN_RxFifo0FullCallback
 .text.HAL_CAN_RxFifo1MsgPendingCallback
                0x08003f2a        0x2 build/stm32f4xx_hal_can.o
                0x08003f2a                HAL_CAN_RxFifo1MsgPendingCallback
 .text.HAL_CAN_RxFifo1FullCallback
                0x08003f2c        0x2 build/stm32f4xx_hal_can.o
                0x08003f2c                HAL_CAN_RxFifo1FullCallback
 .text.HAL_CAN_SleepCallback
                0x08003f2e        0x2 build/stm32f4xx_hal_can.o
                0x08003f2e                HAL_CAN_SleepCallback
 .text.HAL_CAN_WakeUpFromRxMsgCallback
                0x08003f30        0x2 build/stm32f4xx_hal_can.o
                0x08003f30                HAL_CAN_WakeUpFromRxMsgCallback
 .text.HAL_CAN_ErrorCallback
                0x08003f32        0x2 build/stm32f4xx_hal_can.o
                0x08003f32                HAL_CAN_ErrorCallback
 .text.HAL_CAN_IRQHandler
                0x08003f34      0x24a build/stm32f4xx_hal_can.o
                0x08003f34                HAL_CAN_IRQHandler
 *fill*         0x0800417e        0x2 
 .text.HAL_I2C_Init
                0x08004180      0x1bc build/stm32f4xx_hal_i2c.o
                0x08004180                HAL_I2C_Init
 .text.HAL_IWDG_Refresh
                0x0800433c        0xc build/stm32f4xx_hal_iwdg.o
                0x0800433c                HAL_IWDG_Refresh
 .text.SPI_WaitFlagStateUntilTimeout
                0x08004348       0x98 build/stm32f4xx_hal_spi.o
 .text.SPI_EndRxTxTransaction
                0x080043e0       0x68 build/stm32f4xx_hal_spi.o
 .text.HAL_SPI_Init
                0x08004448       0x80 build/stm32f4xx_hal_spi.o
                0x08004448                HAL_SPI_Init
 .text.HAL_SPI_TransmitReceive
                0x080044c8      0x238 build/stm32f4xx_hal_spi.o
                0x080044c8                HAL_SPI_TransmitReceive
 .text.TIM_OC1_SetConfig
                0x08004700       0x68 build/stm32f4xx_hal_tim.o
 .text.TIM_OC3_SetConfig
                0x08004768       0x70 build/stm32f4xx_hal_tim.o
 .text.TIM_OC4_SetConfig
                0x080047d8       0x50 build/stm32f4xx_hal_tim.o
 .text.TIM_TI1_ConfigInputStage
                0x08004828       0x26 build/stm32f4xx_hal_tim.o
 .text.TIM_TI2_ConfigInputStage
                0x0800484e       0x28 build/stm32f4xx_hal_tim.o
 .text.TIM_ITRx_SetConfig
                0x08004876       0x10 build/stm32f4xx_hal_tim.o
 .text.HAL_TIM_Base_Start_IT
                0x08004886       0x22 build/stm32f4xx_hal_tim.o
                0x08004886                HAL_TIM_Base_Start_IT
 .text.HAL_TIM_PWM_MspInit
                0x080048a8        0x2 build/stm32f4xx_hal_tim.o
                0x080048a8                HAL_TIM_PWM_MspInit
 .text.HAL_TIM_OC_DelayElapsedCallback
                0x080048aa        0x2 build/stm32f4xx_hal_tim.o
                0x080048aa                HAL_TIM_OC_DelayElapsedCallback
 .text.HAL_TIM_IC_CaptureCallback
                0x080048ac        0x2 build/stm32f4xx_hal_tim.o
                0x080048ac                HAL_TIM_IC_CaptureCallback
 .text.HAL_TIM_PWM_PulseFinishedCallback
                0x080048ae        0x2 build/stm32f4xx_hal_tim.o
                0x080048ae                HAL_TIM_PWM_PulseFinishedCallback
 .text.HAL_TIM_TriggerCallback
                0x080048b0        0x2 build/stm32f4xx_hal_tim.o
                0x080048b0                HAL_TIM_TriggerCallback
 .text.HAL_TIM_IRQHandler
                0x080048b2      0x17a build/stm32f4xx_hal_tim.o
                0x080048b2                HAL_TIM_IRQHandler
 .text.TIM_Base_SetConfig
                0x08004a2c       0xc8 build/stm32f4xx_hal_tim.o
                0x08004a2c                TIM_Base_SetConfig
 .text.HAL_TIM_Base_Init
                0x08004af4       0x34 build/stm32f4xx_hal_tim.o
                0x08004af4                HAL_TIM_Base_Init
 .text.HAL_TIM_PWM_Init
                0x08004b28       0x34 build/stm32f4xx_hal_tim.o
                0x08004b28                HAL_TIM_PWM_Init
 .text.TIM_OC2_SetConfig
                0x08004b5c       0x70 build/stm32f4xx_hal_tim.o
                0x08004b5c                TIM_OC2_SetConfig
 .text.HAL_TIM_PWM_ConfigChannel
                0x08004bcc       0xdc build/stm32f4xx_hal_tim.o
                0x08004bcc                HAL_TIM_PWM_ConfigChannel
 .text.TIM_ETR_SetConfig
                0x08004ca8       0x1a build/stm32f4xx_hal_tim.o
                0x08004ca8                TIM_ETR_SetConfig
 .text.HAL_TIM_ConfigClockSource
                0x08004cc2       0xda build/stm32f4xx_hal_tim.o
                0x08004cc2                HAL_TIM_ConfigClockSource
 .text.TIM_CCxChannelCmd
                0x08004d9c       0x1e build/stm32f4xx_hal_tim.o
                0x08004d9c                TIM_CCxChannelCmd
 *fill*         0x08004dba        0x2 
 .text.HAL_TIM_PWM_Start
                0x08004dbc       0x40 build/stm32f4xx_hal_tim.o
                0x08004dbc                HAL_TIM_PWM_Start
 .text.HAL_TIMEx_MasterConfigSynchronization
                0x08004dfc       0x8c build/stm32f4xx_hal_tim_ex.o
                0x08004dfc                HAL_TIMEx_MasterConfigSynchronization
 .text.HAL_TIMEx_ConfigBreakDeadTime
                0x08004e88       0x52 build/stm32f4xx_hal_tim_ex.o
                0x08004e88                HAL_TIMEx_ConfigBreakDeadTime
 .text.HAL_TIMEx_CommutCallback
                0x08004eda        0x2 build/stm32f4xx_hal_tim_ex.o
                0x08004eda                HAL_TIMEx_CommutCallback
 .text.HAL_TIMEx_BreakCallback
                0x08004edc        0x2 build/stm32f4xx_hal_tim_ex.o
                0x08004edc                HAL_TIMEx_BreakCallback
 *fill*         0x08004ede        0x2 
 .text.UART_SetConfig
                0x08004ee0      0x1d4 build/stm32f4xx_hal_uart.o
 .text.HAL_UART_Init
                0x080050b4       0x5e build/stm32f4xx_hal_uart.o
                0x080050b4                HAL_UART_Init
 .text.HAL_UART_TxCpltCallback
                0x08005112        0x2 build/stm32f4xx_hal_uart.o
                0x08005112                HAL_UART_TxCpltCallback
 .text.SystemInit
                0x08005114       0x1c build/system_stm32f4xx.o
                0x08005114                SystemInit
 .text.vListInitialise
                0x08005130       0x16 build/list.o
                0x08005130                vListInitialise
 .text.vListInitialiseItem
                0x08005146        0x6 build/list.o
                0x08005146                vListInitialiseItem
 .text.vListInsertEnd
                0x0800514c       0x16 build/list.o
                0x0800514c                vListInsertEnd
 .text.vListInsert
                0x08005162       0x32 build/list.o
                0x08005162                vListInsert
 .text.uxListRemove
                0x08005194       0x26 build/list.o
                0x08005194                uxListRemove
 .text.prvIsQueueFull
                0x080051ba       0x1e build/queue.o
 .text.prvIsQueueEmpty
                0x080051d8       0x1a build/queue.o
 .text.prvCopyDataToQueue
                0x080051f2       0x76 build/queue.o
 .text.prvCopyDataFromQueue
                0x08005268       0x24 build/queue.o
 .text.prvUnlockQueue
                0x0800528c       0x6e build/queue.o
 .text.xQueueGenericReset
                0x080052fa       0x84 build/queue.o
                0x080052fa                xQueueGenericReset
 .text.prvInitialiseNewQueue
                0x0800537e       0x1c build/queue.o
 .text.xQueueGenericCreateStatic
                0x0800539a       0x94 build/queue.o
                0x0800539a                xQueueGenericCreateStatic
 .text.xQueueGenericSend
                0x0800542e      0x188 build/queue.o
                0x0800542e                xQueueGenericSend
 .text.xQueueGenericSendFromISR
                0x080055b6       0xcc build/queue.o
                0x080055b6                xQueueGenericSendFromISR
 .text.xQueueReceive
                0x08005682      0x15e build/queue.o
                0x08005682                xQueueReceive
 .text.vQueueAddToRegistry
                0x080057e0       0x28 build/queue.o
                0x080057e0                vQueueAddToRegistry
 .text.vQueueWaitForMessageRestricted
                0x08005808       0x52 build/queue.o
                0x08005808                vQueueWaitForMessageRestricted
 *fill*         0x0800585a        0x2 
 .text.prvResetNextTaskUnblockTime
                0x0800585c       0x2c build/tasks.o
 .text.prvInitialiseNewTask
                0x08005888       0xac build/tasks.o
 .text.prvInitialiseTaskLists
                0x08005934       0x68 build/tasks.o
 .text.prvAddNewTaskToReadyList
                0x0800599c       0xa8 build/tasks.o
 .text.prvDeleteTCB
                0x08005a44       0x38 build/tasks.o
 .text.prvCheckTasksWaitingTermination
                0x08005a7c       0x4c build/tasks.o
 .text.prvIdleTask
                0x08005ac8       0x28 build/tasks.o
 .text.prvAddCurrentTaskToDelayedList
                0x08005af0       0xa0 build/tasks.o
 .text.xTaskCreateStatic
                0x08005b90       0x76 build/tasks.o
                0x08005b90                xTaskCreateStatic
 .text.xTaskCreate
                0x08005c06       0x68 build/tasks.o
                0x08005c06                xTaskCreate
 *fill*         0x08005c6e        0x2 
 .text.vTaskStartScheduler
                0x08005c70       0x9c build/tasks.o
                0x08005c70                vTaskStartScheduler
 .text.vTaskSuspendAll
                0x08005d0c       0x10 build/tasks.o
                0x08005d0c                vTaskSuspendAll
 .text.xTaskGetTickCount
                0x08005d1c        0xc build/tasks.o
                0x08005d1c                xTaskGetTickCount
 .text.xTaskIncrementTick
                0x08005d28      0x118 build/tasks.o
                0x08005d28                xTaskIncrementTick
 .text.xTaskResumeAll
                0x08005e40       0xf8 build/tasks.o
                0x08005e40                xTaskResumeAll
 .text.vTaskDelay
                0x08005f38       0x4c build/tasks.o
                0x08005f38                vTaskDelay
 .text.vTaskSwitchContext
                0x08005f84       0x98 build/tasks.o
                0x08005f84                vTaskSwitchContext
 .text.vTaskPlaceOnEventList
                0x0800601c       0x30 build/tasks.o
                0x0800601c                vTaskPlaceOnEventList
 .text.vTaskPlaceOnEventListRestricted
                0x0800604c       0x38 build/tasks.o
                0x0800604c                vTaskPlaceOnEventListRestricted
 .text.xTaskRemoveFromEventList
                0x08006084       0x8c build/tasks.o
                0x08006084                xTaskRemoveFromEventList
 .text.vTaskInternalSetTimeOutState
                0x08006110       0x18 build/tasks.o
                0x08006110                vTaskInternalSetTimeOutState
 .text.xTaskCheckForTimeOut
                0x08006128       0xa0 build/tasks.o
                0x08006128                xTaskCheckForTimeOut
 .text.vTaskMissedYield
                0x080061c8        0xc build/tasks.o
                0x080061c8                vTaskMissedYield
 .text.xTaskGetSchedulerState
                0x080061d4       0x20 build/tasks.o
                0x080061d4                xTaskGetSchedulerState
 .text.xTaskPriorityDisinherit
                0x080061f4       0xb4 build/tasks.o
                0x080061f4                xTaskPriorityDisinherit
 .text.prvGetNextExpireTime
                0x080062a8       0x20 build/timers.o
 .text.prvInsertTimerInActiveList
                0x080062c8       0x48 build/timers.o
 .text.prvCheckForValidListAndQueue
                0x08006310       0x70 build/timers.o
 .text.xTimerCreateTimerTask
                0x08006380       0x64 build/timers.o
                0x08006380                xTimerCreateTimerTask
 .text.xTimerGenericCommand
                0x080063e4       0x6c build/timers.o
                0x080063e4                xTimerGenericCommand
 .text.prvSwitchTimerLists
                0x08006450       0x7c build/timers.o
 .text.prvSampleTimeNow
                0x080064cc       0x2c build/timers.o
 .text.prvProcessExpiredTimer
                0x080064f8       0x6c build/timers.o
 .text.prvProcessTimerOrBlockTask
                0x08006564       0x74 build/timers.o
 .text.prvProcessReceivedCommands
                0x080065d8      0x10c build/timers.o
 .text.prvTimerTask
                0x080066e4       0x16 build/timers.o
 .text.makeFreeRtosPriority
                0x080066fa        0xc build/cmsis_os.o
 .text.osKernelStart
                0x08006706        0xa build/cmsis_os.o
                0x08006706                osKernelStart
 .text.osThreadCreate
                0x08006710       0x6a build/cmsis_os.o
                0x08006710                osThreadCreate
 .text.osDelay  0x0800677a        0xe build/cmsis_os.o
                0x0800677a                osDelay
 .text.prvHeapInit
                0x08006788       0x64 build/heap_4.o
 .text.prvInsertBlockIntoFreeList
                0x080067ec       0x64 build/heap_4.o
 .text.pvPortMalloc
                0x08006850       0xf0 build/heap_4.o
                0x08006850                pvPortMalloc
 .text.vPortFree
                0x08006940       0x70 build/heap_4.o
                0x08006940                vPortFree
 .text.prvTaskExitError
                0x080069b0       0x40 build/port.o
 .text.prvPortStartFirstTask
                0x080069f0       0x28 build/port.o
 .text.vPortEnableVFP
                0x08006a18       0x14 build/port.o
 .text.pxPortInitialiseStack
                0x08006a2c       0x2c build/port.o
                0x08006a2c                pxPortInitialiseStack
 *fill*         0x08006a58        0x8 
 .text.SVC_Handler
                0x08006a60       0x24 build/port.o
                0x08006a60                SVC_Handler
 .text.vPortEnterCritical
                0x08006a84       0x44 build/port.o
                0x08006a84                vPortEnterCritical
 .text.vPortExitCritical
                0x08006ac8       0x2c build/port.o
                0x08006ac8                vPortExitCritical
 *fill*         0x08006af4        0xc 
 .text.PendSV_Handler
                0x08006b00       0x64 build/port.o
                0x08006b00                PendSV_Handler
 .text.SysTick_Handler
                0x08006b64       0x2c build/port.o
                0x08006b64                SysTick_Handler
 .text.vPortSetupTimerInterrupt
                0x08006b90       0x28 build/port.o
                0x08006b90                vPortSetupTimerInterrupt
 .text.xPortStartScheduler
                0x08006bb8      0x118 build/port.o
                0x08006bb8                xPortStartScheduler
 .text.vPortValidateInterruptPriority
                0x08006cd0       0x5c build/port.o
                0x08006cd0                vPortValidateInterruptPriority
 .text.Judge_Control_Init
                0x08006d2c       0x18 build/judgement_info.o
                0x08006d2c                Judge_Control_Init
 .text.judgement_data_decode
                0x08006d44      0x2f4 build/judgement_info.o
                0x08006d44                judgement_data_decode
 .text.Get_CRC8_Check_Sum
                0x08007038       0x20 build/judgement_info.o
                0x08007038                Get_CRC8_Check_Sum
 .text.Verify_CRC8_Check_Sum
                0x08007058       0x28 build/judgement_info.o
                0x08007058                Verify_CRC8_Check_Sum
 .text.Get_CRC16_Check_Sum
                0x08007080       0x38 build/judgement_info.o
                0x08007080                Get_CRC16_Check_Sum
 .text.Verify_CRC16_Check_Sum
                0x080070b8       0x48 build/judgement_info.o
                0x080070b8                Verify_CRC16_Check_Sum
 .text.judgement_info_handle
                0x08007100       0x54 build/judgement_info.o
                0x08007100                judgement_info_handle
 .text.unpack_fifo_handle
                0x08007154       0x5c build/judgement_info.o
                0x08007154                unpack_fifo_handle
 .text.USER_UART_RxIdleCallback
                0x080071b0       0x3c build/judgement_info.o
                0x080071b0                USER_UART_RxIdleCallback
 .text.Motor_Speed_Calculate
                0x080071ec       0x68 build/motor.o
                0x080071ec                Motor_Speed_Calculate
 .text.get_moto_info
                0x08007254      0x108 build/motor.o
                0x08007254                get_moto_info
 .text.get_moto_offset
                0x0800735c       0x10 build/motor.o
                0x0800735c                get_moto_offset
 .text.get_RMD_info
                0x0800736c      0x114 build/motor.o
                0x0800736c                get_RMD_info
 .text.Send_Motor_Current_1_4
                0x08007480       0xc0 build/motor.o
                0x08007480                Send_Motor_Current_1_4
 .text._float_rounding
                0x08007540       0x40 build/SerialDebug.o
 .text.float2char
                0x08007580       0xbc build/SerialDebug.o
                0x08007580                float2char
 .text.Debug_Buf_Generate
                0x0800763c      0x208 build/SerialDebug.o
                0x0800763c                Debug_Buf_Generate
 .text.Serial_Debug
                0x08007844       0x30 build/SerialDebug.o
                0x08007844                Serial_Debug
 .text.Detect_Init
                0x08007874       0xac build/detect_task.o
 .text.Detect_Task_Init
                0x08007920       0x1c build/detect_task.o
                0x08007920                Detect_Task_Init
 .text.Detect_Task
                0x0800793c      0x1b4 build/detect_task.o
                0x0800793c                Detect_Task
 .text.is_TOE_Error
                0x08007af0       0x18 build/detect_task.o
                0x08007af0                is_TOE_Error
 .text.Detect_Hook
                0x08007b08       0x98 build/detect_task.o
                0x08007b08                Detect_Hook
 .text.Gimbal_Init
                0x08007ba0       0x34 build/gimbal_task.o
                0x08007ba0                Gimbal_Init
 .text.INS_Init
                0x08007bd4       0x70 build/ins_task.o
                0x08007bd4                INS_Init
 .text.IMU_Temperature_Ctrl
                0x08007c44       0x60 build/ins_task.o
                0x08007c44                IMU_Temperature_Ctrl
 .text.INS_Task
                0x08007ca4      0x22c build/ins_task.o
                0x08007ca4                INS_Task
 .text.Remote_Control_Init
                0x08007ed0       0x18 build/remote_control.o
                0x08007ed0                Remote_Control_Init
 .text.Callback_RC_Handle
                0x08007ee8      0x104 build/remote_control.o
                0x08007ee8                Callback_RC_Handle
 .text.Solve_RC_Data_Error
                0x08007fec       0x18 build/remote_control.o
                0x08007fec                Solve_RC_Data_Error
 .text.RC_Data_is_Error
                0x08008004       0x44 build/remote_control.o
                0x08008004                RC_Data_is_Error
 .text.Max_4    0x08008048       0x58 build/chassis_task.o
 .text.Velocity_MAXLimit
                0x080080a0       0xb0 build/chassis_task.o
 .text.ChassisMotionEst_Init
                0x08008150       0xb0 build/chassis_task.o
 .text.ChassisMotionEst_Update
                0x08008200      0x354 build/chassis_task.o
 .text.Chassis_Power_Exp
                0x08008554       0xb4 build/chassis_task.o
 .text.Chassis_Get_CtrlValue
                0x08008608      0x348 build/chassis_task.o
 .text.Chassis_Power_Limit
                0x08008950      0x154 build/chassis_task.o
 .text.Send_Chassis_Current
                0x08008aa4       0xfc build/chassis_task.o
 .text.Chassis_Init
                0x08008ba0      0x1f4 build/chassis_task.o
                0x08008ba0                Chassis_Init
 .text.Insert_thetaFrame
                0x08008d94       0x2c build/chassis_task.o
                0x08008d94                Insert_thetaFrame
 .text.Chassis_Get_Theta
                0x08008dc0       0xac build/chassis_task.o
 .text.Find_thetaFrame
                0x08008e6c       0x48 build/chassis_task.o
                0x08008e6c                Find_thetaFrame
 *fill*         0x08008eb4        0x4 
 .text.Chassis_Set_Control
                0x08008eb8     0x1334 build/chassis_task.o
 .text.AerialKeyBoardCmd
                0x0800a1ec       0x94 build/chassis_task.o
                0x0800a1ec                AerialKeyBoardCmd
 .text.Chassis_Set_Mode
                0x0800a280       0xb4 build/chassis_task.o
 .text.Chassis_Control
                0x0800a334       0x60 build/chassis_task.o
                0x0800a334                Chassis_Control
 .text.CAN_Device_Init
                0x0800a394       0x74 build/bsp_CAN.o
                0x0800a394                CAN_Device_Init
 .text.HAL_CAN_RxFifo0MsgPendingCallback
                0x0800a408      0x2a0 build/bsp_CAN.o
                0x0800a408                HAL_CAN_RxFifo0MsgPendingCallback
 .text.Send_RC_Data
                0x0800a6a8      0x108 build/bsp_CAN.o
                0x0800a6a8                Send_RC_Data
 .text.Send_Robot_Info
                0x0800a7b0      0x158 build/bsp_CAN.o
                0x0800a7b0                Send_Robot_Info
 .text.Send_JudgeRxData
                0x0800a908       0x88 build/bsp_CAN.o
                0x0800a908                Send_JudgeRxData
 .text.float2u8array
                0x0800a990       0x34 build/bsp_CAN.o
                0x0800a990                float2u8array
 .text.SendAerialData
                0x0800a9c4      0x140 build/bsp_CAN.o
                0x0800a9c4                SendAerialData
 .text.DWT_CNT_Update
                0x0800ab04       0x30 build/bsp_dwt.o
 .text.DWT_Init
                0x0800ab34       0x68 build/bsp_dwt.o
                0x0800ab34                DWT_Init
 .text.DWT_GetDeltaT
                0x0800ab9c       0x48 build/bsp_dwt.o
                0x0800ab9c                DWT_GetDeltaT
 .text.DWT_Delay
                0x0800abe4       0x34 build/bsp_dwt.o
                0x0800abe4                DWT_Delay
 .text.TIM_Set_PWM
                0x0800ac18       0x32 build/bsp_PWM.o
                0x0800ac18                TIM_Set_PWM
 .text.USART_IDLE_Init
                0x0800ac4a       0x5c build/bsp_usart_idle.o
                0x0800ac4a                USART_IDLE_Init
 .text.USART_IDLE_IRQHandler
                0x0800aca6       0x80 build/bsp_usart_idle.o
                0x0800aca6                USART_IDLE_IRQHandler
 *fill*         0x0800ad26        0x2 
 .text.adcx_get_chx_value
                0x0800ad28       0x3c build/bsp_adc.o
 .text.get_temprate
                0x0800ad64       0x48 build/bsp_adc.o
                0x0800ad64                get_temprate
 .text.get_battery_voltage
                0x0800adac       0x34 build/bsp_adc.o
                0x0800adac                get_battery_voltage
 .text.gEstimateKF_Tuning
                0x0800ade0       0xf8 build/GravityEstimateKF.o
 .text.gEstimateKF_Init
                0x0800aed8      0x114 build/GravityEstimateKF.o
                0x0800aed8                gEstimateKF_Init
 .text.gEstimateKF_Update
                0x0800afec       0xa8 build/GravityEstimateKF.o
                0x0800afec                gEstimateKF_Update
 .text.invSqrt  0x0800b094       0x30 build/QuaternionAHRS.o
 .text.Quaternion_AHRS_UpdateIMU
                0x0800b0c4      0x36c build/QuaternionAHRS.o
                0x0800b0c4                Quaternion_AHRS_UpdateIMU
 .text.Get_EulerAngle
                0x0800b430      0x1ac build/QuaternionAHRS.o
                0x0800b430                Get_EulerAngle
 .text.InsertQuaternionFrame
                0x0800b5dc       0x52 build/QuaternionAHRS.o
                0x0800b5dc                InsertQuaternionFrame
 .text.f_Trapezoid_Intergral
                0x0800b62e       0x62 build/controller.o
 .text.f_Changing_Integration_Rate
                0x0800b690       0x66 build/controller.o
 *fill*         0x0800b6f6        0x2 
 .text.f_Integral_Limit
                0x0800b6f8       0x94 build/controller.o
 .text.f_Derivative_On_Measurement
                0x0800b78c       0x52 build/controller.o
 .text.f_Derivative_Filter
                0x0800b7de       0x2e build/controller.o
 .text.f_Output_Filter
                0x0800b80c       0x2e build/controller.o
 .text.f_Output_Limit
                0x0800b83a       0x2e build/controller.o
 .text.f_Proportion_Limit
                0x0800b868       0x2e build/controller.o
 *fill*         0x0800b896        0x2 
 .text.f_PID_ErrorHandle
                0x0800b898       0x98 build/controller.o
 .text.PID_Init
                0x0800b930       0x58 build/controller.o
                0x0800b930                PID_Init
 .text.PID_Calculate
                0x0800b988      0x308 build/controller.o
                0x0800b988                PID_Calculate
 .text.Feedforward_Calculate
                0x0800bc90      0x170 build/controller.o
                0x0800bc90                Feedforward_Calculate
 .text.TD_Init  0x0800be00       0x16 build/controller.o
                0x0800be00                TD_Init
 .text.BMI088_read_muli_reg
                0x0800be16       0x24 build/BMI088driver.o
 *fill*         0x0800be3a        0x2 
 .text.Calibrate_MPU_Offset
                0x0800be3c      0x100 build/BMI088driver.o
 .text.BMI088_write_single_reg
                0x0800bf3c       0x10 build/BMI088driver.o
 .text.BMI088_read_single_reg
                0x0800bf4c       0x16 build/BMI088driver.o
 *fill*         0x0800bf62        0x2 
 .text.bmi088_accel_init
                0x0800bf64      0x144 build/BMI088driver.o
                0x0800bf64                bmi088_accel_init
 .text.bmi088_gyro_init
                0x0800c0a8      0x118 build/BMI088driver.o
                0x0800c0a8                bmi088_gyro_init
 .text.BMI088_init
                0x0800c1c0       0x38 build/BMI088driver.o
                0x0800c1c0                BMI088_init
 .text.BMI088_Read
                0x0800c1f8      0x1e0 build/BMI088driver.o
                0x0800c1f8                BMI088_Read
 .text.BMI088_ACCEL_NS_L
                0x0800c3d8       0x14 build/BMI088Middleware.o
                0x0800c3d8                BMI088_ACCEL_NS_L
 .text.BMI088_ACCEL_NS_H
                0x0800c3ec       0x14 build/BMI088Middleware.o
                0x0800c3ec                BMI088_ACCEL_NS_H
 .text.BMI088_GYRO_NS_L
                0x0800c400       0x14 build/BMI088Middleware.o
                0x0800c400                BMI088_GYRO_NS_L
 .text.BMI088_GYRO_NS_H
                0x0800c414       0x14 build/BMI088Middleware.o
                0x0800c414                BMI088_GYRO_NS_H
 .text.BMI088_read_write_byte
                0x0800c428       0x30 build/BMI088Middleware.o
                0x0800c428                BMI088_read_write_byte
 .text.H_K_R_Adjustment
                0x0800c458       0xe8 build/kalman_filter.o
 .text.Kalman_Filter_Init
                0x0800c540      0x470 build/kalman_filter.o
                0x0800c540                Kalman_Filter_Init
 .text.Kalman_Filter_Update
                0x0800c9b0      0x3d4 build/kalman_filter.o
                0x0800c9b0                Kalman_Filter_Update
 .text.float_deadband
                0x0800cd84       0x20 build/user_lib.o
                0x0800cd84                float_deadband
 .text.float_constrain
                0x0800cda4       0x20 build/user_lib.o
                0x0800cda4                float_constrain
 .text.loop_float_constrain
                0x0800cdc4       0x4a build/user_lib.o
                0x0800cdc4                loop_float_constrain
 *fill*         0x0800ce0e        0x2 
 .text.float_rounding
                0x0800ce10       0x40 build/user_lib.o
                0x0800ce10                float_rounding
 .text.OLS_Init
                0x0800ce50       0x40 build/user_lib.o
                0x0800ce50                OLS_Init
 .text.Reset_Handler
                0x0800ce90       0x50 build/startup_stm32f407xx.o
                0x0800ce90                Reset_Handler
 .text.Default_Handler
                0x0800cee0        0x2 build/startup_stm32f407xx.o
                0x0800cee0                RTC_Alarm_IRQHandler
                0x0800cee0                HASH_RNG_IRQHandler
                0x0800cee0                EXTI2_IRQHandler
                0x0800cee0                TIM8_CC_IRQHandler
                0x0800cee0                TIM1_CC_IRQHandler
                0x0800cee0                DMA1_Stream5_IRQHandler
                0x0800cee0                PVD_IRQHandler
                0x0800cee0                SDIO_IRQHandler
                0x0800cee0                TAMP_STAMP_IRQHandler
                0x0800cee0                CAN2_RX1_IRQHandler
                0x0800cee0                TIM8_TRG_COM_TIM14_IRQHandler
                0x0800cee0                TIM1_UP_TIM10_IRQHandler
                0x0800cee0                TIM8_UP_TIM13_IRQHandler
                0x0800cee0                I2C3_ER_IRQHandler
                0x0800cee0                EXTI0_IRQHandler
                0x0800cee0                I2C2_EV_IRQHandler
                0x0800cee0                DMA1_Stream2_IRQHandler
                0x0800cee0                FPU_IRQHandler
                0x0800cee0                OTG_HS_WKUP_IRQHandler
                0x0800cee0                CAN2_SCE_IRQHandler
                0x0800cee0                DMA2_Stream2_IRQHandler
                0x0800cee0                SPI1_IRQHandler
                0x0800cee0                TIM6_DAC_IRQHandler
                0x0800cee0                TIM1_BRK_TIM9_IRQHandler
                0x0800cee0                DCMI_IRQHandler
                0x0800cee0                DMA2_Stream3_IRQHandler
                0x0800cee0                CAN1_RX1_IRQHandler
                0x0800cee0                UART5_IRQHandler
                0x0800cee0                DMA2_Stream0_IRQHandler
                0x0800cee0                TIM4_IRQHandler
                0x0800cee0                I2C1_EV_IRQHandler
                0x0800cee0                DMA1_Stream6_IRQHandler
                0x0800cee0                DMA1_Stream1_IRQHandler
                0x0800cee0                UART4_IRQHandler
                0x0800cee0                TIM3_IRQHandler
                0x0800cee0                RCC_IRQHandler
                0x0800cee0                TIM8_BRK_TIM12_IRQHandler
                0x0800cee0                Default_Handler
                0x0800cee0                EXTI15_10_IRQHandler
                0x0800cee0                ADC_IRQHandler
                0x0800cee0                DMA1_Stream7_IRQHandler
                0x0800cee0                TIM7_IRQHandler
                0x0800cee0                CAN2_TX_IRQHandler
                0x0800cee0                TIM5_IRQHandler
                0x0800cee0                I2C3_EV_IRQHandler
                0x0800cee0                RTC_WKUP_IRQHandler
                0x0800cee0                ETH_WKUP_IRQHandler
                0x0800cee0                SPI2_IRQHandler
                0x0800cee0                OTG_HS_EP1_IN_IRQHandler
                0x0800cee0                DMA1_Stream0_IRQHandler
                0x0800cee0                CAN1_TX_IRQHandler
                0x0800cee0                FSMC_IRQHandler
                0x0800cee0                ETH_IRQHandler
                0x0800cee0                OTG_HS_EP1_OUT_IRQHandler
                0x0800cee0                WWDG_IRQHandler
                0x0800cee0                OTG_FS_WKUP_IRQHandler
                0x0800cee0                TIM1_TRG_COM_TIM11_IRQHandler
                0x0800cee0                OTG_HS_IRQHandler
                0x0800cee0                EXTI1_IRQHandler
                0x0800cee0                USART2_IRQHandler
                0x0800cee0                I2C2_ER_IRQHandler
                0x0800cee0                CAN1_SCE_IRQHandler
                0x0800cee0                FLASH_IRQHandler
                0x0800cee0                DMA2_Stream4_IRQHandler
                0x0800cee0                OTG_FS_IRQHandler
                0x0800cee0                SPI3_IRQHandler
                0x0800cee0                DMA1_Stream4_IRQHandler
                0x0800cee0                I2C1_ER_IRQHandler
                0x0800cee0                DMA1_Stream3_IRQHandler
 *fill*         0x0800cee2        0x2 
 .text.__libc_init_array
                0x0800cee4       0x48 c:/program files (x86)/gnu arm embedded toolchain/10 2021.10/bin/../lib/gcc/arm-none-eabi/10.3.1/../../../../arm-none-eabi/lib/thumb/v7e-m+fp/hard\libc_nano.a(lib_a-init.o)
                0x0800cee4                __libc_init_array
 .text.memcpy   0x0800cf2c       0x1c c:/program files (x86)/gnu arm embedded toolchain/10 2021.10/bin/../lib/gcc/arm-none-eabi/10.3.1/../../../../arm-none-eabi/lib/thumb/v7e-m+fp/hard\libc_nano.a(lib_a-memcpy-stub.o)
                0x0800cf2c                memcpy
 .text.memmove  0x0800cf48       0x34 c:/program files (x86)/gnu arm embedded toolchain/10 2021.10/bin/../lib/gcc/arm-none-eabi/10.3.1/../../../../arm-none-eabi/lib/thumb/v7e-m+fp/hard\libc_nano.a(lib_a-memmove.o)
                0x0800cf48                memmove
 .text.memset   0x0800cf7c       0x10 c:/program files (x86)/gnu arm embedded toolchain/10 2021.10/bin/../lib/gcc/arm-none-eabi/10.3.1/../../../../arm-none-eabi/lib/thumb/v7e-m+fp/hard\libc_nano.a(lib_a-memset.o)
                0x0800cf7c                memset
 .text.round    0x0800cf8c       0xa0 c:/program files (x86)/gnu arm embedded toolchain/10 2021.10/bin/../lib/gcc/arm-none-eabi/10.3.1/../../../../arm-none-eabi/lib/thumb/v7e-m+fp/hard\libm.a(lib_a-s_round.o)
                0x0800cf8c                round
 .text.asinf    0x0800d02c       0x58 c:/program files (x86)/gnu arm embedded toolchain/10 2021.10/bin/../lib/gcc/arm-none-eabi/10.3.1/../../../../arm-none-eabi/lib/thumb/v7e-m+fp/hard\libm.a(lib_a-wf_asin.o)
                0x0800d02c                asinf
 .text.atan2f   0x0800d084        0x4 c:/program files (x86)/gnu arm embedded toolchain/10 2021.10/bin/../lib/gcc/arm-none-eabi/10.3.1/../../../../arm-none-eabi/lib/thumb/v7e-m+fp/hard\libm.a(lib_a-wf_atan2.o)
                0x0800d084                atan2f
 .text.sqrtf    0x0800d088       0x44 c:/program files (x86)/gnu arm embedded toolchain/10 2021.10/bin/../lib/gcc/arm-none-eabi/10.3.1/../../../../arm-none-eabi/lib/thumb/v7e-m+fp/hard\libm.a(lib_a-wf_sqrt.o)
                0x0800d088                sqrtf
 .text.__ieee754_asinf
                0x0800d0cc      0x20c c:/program files (x86)/gnu arm embedded toolchain/10 2021.10/bin/../lib/gcc/arm-none-eabi/10.3.1/../../../../arm-none-eabi/lib/thumb/v7e-m+fp/hard\libm.a(lib_a-ef_asin.o)
                0x0800d0cc                __ieee754_asinf
 .text.__ieee754_atan2f
                0x0800d2d8      0x150 c:/program files (x86)/gnu arm embedded toolchain/10 2021.10/bin/../lib/gcc/arm-none-eabi/10.3.1/../../../../arm-none-eabi/lib/thumb/v7e-m+fp/hard\libm.a(lib_a-ef_atan2.o)
                0x0800d2d8                __ieee754_atan2f
 .text.__ieee754_sqrtf
                0x0800d428        0x8 c:/program files (x86)/gnu arm embedded toolchain/10 2021.10/bin/../lib/gcc/arm-none-eabi/10.3.1/../../../../arm-none-eabi/lib/thumb/v7e-m+fp/hard\libm.a(lib_a-ef_sqrt.o)
                0x0800d428                __ieee754_sqrtf
 .text.atanf    0x0800d430      0x1b4 c:/program files (x86)/gnu arm embedded toolchain/10 2021.10/bin/../lib/gcc/arm-none-eabi/10.3.1/../../../../arm-none-eabi/lib/thumb/v7e-m+fp/hard\libm.a(lib_a-sf_atan.o)
                0x0800d430                atanf
 .text.fabsf    0x0800d5e4       0x10 c:/program files (x86)/gnu arm embedded toolchain/10 2021.10/bin/../lib/gcc/arm-none-eabi/10.3.1/../../../../arm-none-eabi/lib/thumb/v7e-m+fp/hard\libm.a(lib_a-sf_fabs.o)
                0x0800d5e4                fabsf
 .text.nanf     0x0800d5f4        0xc c:/program files (x86)/gnu arm embedded toolchain/10 2021.10/bin/../lib/gcc/arm-none-eabi/10.3.1/../../../../arm-none-eabi/lib/thumb/v7e-m+fp/hard\libm.a(lib_a-sf_nan.o)
                0x0800d5f4                nanf
 .text.arm_mat_trans_f32
                0x0800d600       0xe8 Drivers/CMSIS/Lib/GCC\libarm_cortexM4lf_math.a(arm_mat_trans_f32.o)
                0x0800d600                arm_mat_trans_f32
 .text.arm_mat_sub_f32
                0x0800d6e8       0xb4 Drivers/CMSIS/Lib/GCC\libarm_cortexM4lf_math.a(arm_mat_sub_f32.o)
                0x0800d6e8                arm_mat_sub_f32
 .text.arm_mat_mult_f32
                0x0800d79c      0x14c Drivers/CMSIS/Lib/GCC\libarm_cortexM4lf_math.a(arm_mat_mult_f32.o)
                0x0800d79c                arm_mat_mult_f32
 .text.arm_mat_inverse_f32
                0x0800d8e8      0x2a0 Drivers/CMSIS/Lib/GCC\libarm_cortexM4lf_math.a(arm_mat_inverse_f32.o)
                0x0800d8e8                arm_mat_inverse_f32
 .text.arm_mat_init_f32
                0x0800db88        0x8 Drivers/CMSIS/Lib/GCC\libarm_cortexM4lf_math.a(arm_mat_init_f32.o)
                0x0800db88                arm_mat_init_f32
 .text.arm_mat_add_f32
                0x0800db90       0xb4 Drivers/CMSIS/Lib/GCC\libarm_cortexM4lf_math.a(arm_mat_add_f32.o)
                0x0800db90                arm_mat_add_f32
 .text.arm_sin_f32
                0x0800dc44       0x9c Drivers/CMSIS/Lib/GCC\libarm_cortexM4lf_math.a(arm_sin_f32.o)
                0x0800dc44                arm_sin_f32
 .text.arm_cos_f32
                0x0800dce0       0x80 Drivers/CMSIS/Lib/GCC\libarm_cortexM4lf_math.a(arm_cos_f32.o)
                0x0800dce0                arm_cos_f32
 .text.__errno  0x0800dd60        0xc c:/program files (x86)/gnu arm embedded toolchain/10 2021.10/bin/../lib/gcc/arm-none-eabi/10.3.1/../../../../arm-none-eabi/lib/thumb/v7e-m+fp/hard\libc_nano.a(lib_a-errno.o)
                0x0800dd60                __errno
 *(.glue_7)
 .glue_7        0x0800dd6c        0x0 linker stubs
 *(.glue_7t)
 .glue_7t       0x0800dd6c        0x0 linker stubs
 *(.eh_frame)
 .eh_frame      0x0800dd6c        0x0 c:/program files (x86)/gnu arm embedded toolchain/10 2021.10/bin/../lib/gcc/arm-none-eabi/10.3.1/thumb/v7e-m+fp/hard/crtbegin.o
 *(.init)
 .init          0x0800dd6c        0x4 c:/program files (x86)/gnu arm embedded toolchain/10 2021.10/bin/../lib/gcc/arm-none-eabi/10.3.1/thumb/v7e-m+fp/hard/crti.o
                0x0800dd6c                _init
 .init          0x0800dd70        0x8 c:/program files (x86)/gnu arm embedded toolchain/10 2021.10/bin/../lib/gcc/arm-none-eabi/10.3.1/thumb/v7e-m+fp/hard/crtn.o
 *(.fini)
 .fini          0x0800dd78        0x4 c:/program files (x86)/gnu arm embedded toolchain/10 2021.10/bin/../lib/gcc/arm-none-eabi/10.3.1/thumb/v7e-m+fp/hard/crti.o
                0x0800dd78                _fini
 .fini          0x0800dd7c        0x8 c:/program files (x86)/gnu arm embedded toolchain/10 2021.10/bin/../lib/gcc/arm-none-eabi/10.3.1/thumb/v7e-m+fp/hard/crtn.o
                0x0800dd84                . = ALIGN (0x4)
                0x0800dd84                _etext = .

.vfp11_veneer   0x0800dd84        0x0
 .vfp11_veneer  0x0800dd84        0x0 linker stubs

.v4_bx          0x0800dd84        0x0
 .v4_bx         0x0800dd84        0x0 linker stubs

.iplt           0x0800dd84        0x0
 .iplt          0x0800dd84        0x0 c:/program files (x86)/gnu arm embedded toolchain/10 2021.10/bin/../lib/gcc/arm-none-eabi/10.3.1/thumb/v7e-m+fp/hard/crtbegin.o

.rodata         0x0800dd84      0xd6c
                0x0800dd84                . = ALIGN (0x4)
 *(.rodata)
 .rodata        0x0800dd84       0xa8 build/freertos.o
 .rodata        0x0800de2c       0x4e build/detect_task.o
 *(.rodata*)
 *fill*         0x0800de7a        0x2 
 .rodata.str1.4
                0x0800de7c       0x44 build/freertos.o
 .rodata.flagBitshiftOffset.0
                0x0800dec0        0x8 build/stm32f4xx_hal_dma.o
 .rodata.AHBPrescTable
                0x0800dec8       0x10 build/system_stm32f4xx.o
                0x0800dec8                AHBPrescTable
 .rodata.APBPrescTable
                0x0800ded8        0x8 build/system_stm32f4xx.o
                0x0800ded8                APBPrescTable
 .rodata.vTaskStartScheduler.str1.4
                0x0800dee0        0x5 build/tasks.o
 *fill*         0x0800dee5        0x3 
 .rodata.prvCheckForValidListAndQueue.str1.4
                0x0800dee8        0x5 build/timers.o
 *fill*         0x0800deed        0x3 
 .rodata.xTimerCreateTimerTask.str1.4
                0x0800def0        0x8 build/timers.o
 .rodata.CRC8_TAB
                0x0800def8      0x100 build/judgement_info.o
                0x0800def8                CRC8_TAB
 .rodata.wCRC_Table
                0x0800dff8      0x200 build/judgement_info.o
                0x0800dff8                wCRC_Table
 .rodata.coef.1
                0x0800e1f8       0x10 build/chassis_task.o
 .rodata.gEstimateKF_H
                0x0800e208       0x24 build/GravityEstimateKF.o
                0x0800e208                gEstimateKF_H
 .rodata.write_BMI088_accel_reg_data_error
                0x0800e22c       0x12 build/BMI088driver.o
 *fill*         0x0800e23e        0x2 
 .rodata.write_BMI088_gyro_reg_data_error
                0x0800e240       0x12 build/BMI088driver.o
 *fill*         0x0800e252        0x2 
 .rodata.__sf_fake_stderr
                0x0800e254       0x20 c:/program files (x86)/gnu arm embedded toolchain/10 2021.10/bin/../lib/gcc/arm-none-eabi/10.3.1/../../../../arm-none-eabi/lib/thumb/v7e-m+fp/hard\libc_nano.a(lib_a-findfp.o)
                0x0800e254                __sf_fake_stderr
 .rodata.__sf_fake_stdin
                0x0800e274       0x20 c:/program files (x86)/gnu arm embedded toolchain/10 2021.10/bin/../lib/gcc/arm-none-eabi/10.3.1/../../../../arm-none-eabi/lib/thumb/v7e-m+fp/hard\libc_nano.a(lib_a-findfp.o)
                0x0800e274                __sf_fake_stdin
 .rodata.__sf_fake_stdout
                0x0800e294       0x20 c:/program files (x86)/gnu arm embedded toolchain/10 2021.10/bin/../lib/gcc/arm-none-eabi/10.3.1/../../../../arm-none-eabi/lib/thumb/v7e-m+fp/hard\libc_nano.a(lib_a-findfp.o)
                0x0800e294                __sf_fake_stdout
 .rodata.asinf.str1.4
                0x0800e2b4        0x8 c:/program files (x86)/gnu arm embedded toolchain/10 2021.10/bin/../lib/gcc/arm-none-eabi/10.3.1/../../../../arm-none-eabi/lib/thumb/v7e-m+fp/hard\libm.a(lib_a-wf_asin.o)
                                  0x1 (size before relaxing)
 .rodata.CSWTCH.8
                0x0800e2b4        0xc c:/program files (x86)/gnu arm embedded toolchain/10 2021.10/bin/../lib/gcc/arm-none-eabi/10.3.1/../../../../arm-none-eabi/lib/thumb/v7e-m+fp/hard\libm.a(lib_a-ef_atan2.o)
 .rodata.CSWTCH.9
                0x0800e2c0        0xc c:/program files (x86)/gnu arm embedded toolchain/10 2021.10/bin/../lib/gcc/arm-none-eabi/10.3.1/../../../../arm-none-eabi/lib/thumb/v7e-m+fp/hard\libm.a(lib_a-ef_atan2.o)
 .rodata.atanhi
                0x0800e2cc       0x10 c:/program files (x86)/gnu arm embedded toolchain/10 2021.10/bin/../lib/gcc/arm-none-eabi/10.3.1/../../../../arm-none-eabi/lib/thumb/v7e-m+fp/hard\libm.a(lib_a-sf_atan.o)
 .rodata.atanlo
                0x0800e2dc       0x10 c:/program files (x86)/gnu arm embedded toolchain/10 2021.10/bin/../lib/gcc/arm-none-eabi/10.3.1/../../../../arm-none-eabi/lib/thumb/v7e-m+fp/hard\libm.a(lib_a-sf_atan.o)
 .rodata.sinTable_f32
                0x0800e2ec      0x804 Drivers/CMSIS/Lib/GCC\libarm_cortexM4lf_math.a(arm_common_tables.o)
                0x0800e2ec                sinTable_f32
                0x0800eaf0                . = ALIGN (0x4)

.ARM.extab
 *(.ARM.extab* .gnu.linkonce.armextab.*)

.ARM            0x0800eaf0        0x8
                0x0800eaf0                __exidx_start = .
 *(.ARM.exidx*)
 .ARM.exidx     0x0800eaf0        0x8 c:/program files (x86)/gnu arm embedded toolchain/10 2021.10/bin/../lib/gcc/arm-none-eabi/10.3.1/thumb/v7e-m+fp/hard\libgcc.a(_udivmoddi4.o)
                0x0800eaf8                __exidx_end = .

.rel.dyn        0x0800eaf8        0x0
 .rel.iplt      0x0800eaf8        0x0 c:/program files (x86)/gnu arm embedded toolchain/10 2021.10/bin/../lib/gcc/arm-none-eabi/10.3.1/thumb/v7e-m+fp/hard/crtbegin.o

.preinit_array  0x0800eaf8        0x0
                0x0800eaf8                PROVIDE (__preinit_array_start = .)
 *(.preinit_array*)
                0x0800eaf8                PROVIDE (__preinit_array_end = .)

.init_array     0x0800eaf8        0x4
                0x0800eaf8                PROVIDE (__init_array_start = .)
 *(SORT_BY_NAME(.init_array.*))
 *(.init_array*)
 .init_array    0x0800eaf8        0x4 c:/program files (x86)/gnu arm embedded toolchain/10 2021.10/bin/../lib/gcc/arm-none-eabi/10.3.1/thumb/v7e-m+fp/hard/crtbegin.o
                0x0800eafc                PROVIDE (__init_array_end = .)

.fini_array     0x0800eafc        0x4
                [!provide]                PROVIDE (__fini_array_start = .)
 *(SORT_BY_NAME(.fini_array.*))
 *(.fini_array*)
 .fini_array    0x0800eafc        0x4 c:/program files (x86)/gnu arm embedded toolchain/10 2021.10/bin/../lib/gcc/arm-none-eabi/10.3.1/thumb/v7e-m+fp/hard/crtbegin.o
                [!provide]                PROVIDE (__fini_array_end = .)
                0x0800eb00                _sidata = LOADADDR (.data)

.data           0x20000000      0x398 load address 0x0800eb00
                0x20000000                . = ALIGN (0x4)
                0x20000000                _sdata = .
 *(.data)
 *(.data*)
 .data.enemy_outpost_HP
                0x20000000        0x2 build/freertos.o
                0x20000000                enemy_outpost_HP
 .data.uwTickFreq
                0x20000002        0x1 build/stm32f4xx_hal.o
                0x20000002                uwTickFreq
 *fill*         0x20000003        0x1 
 .data.uwTickPrio
                0x20000004        0x4 build/stm32f4xx_hal.o
                0x20000004                uwTickPrio
 .data.SystemCoreClock
                0x20000008        0x4 build/system_stm32f4xx.o
                0x20000008                SystemCoreClock
 .data.uxCriticalNesting
                0x2000000c        0x4 build/port.o
 .data.CRC_INIT
                0x20000010        0x2 build/judgement_info.o
                0x20000010                CRC_INIT
 *fill*         0x20000012        0x2 
 .data.RefTemp  0x20000014        0x4 build/ins_task.o
                0x20000014                RefTemp
 .data.ChassisMotionEst_F
                0x20000018       0x90 build/chassis_task.o
                0x20000018                ChassisMotionEst_F
 .data.ChassisMotionEst_H
                0x200000a8       0x60 build/chassis_task.o
                0x200000a8                ChassisMotionEst_H
 .data.ChassisMotionEst_Pinit
                0x20000108       0x90 build/chassis_task.o
                0x20000108                ChassisMotionEst_Pinit
 .data.ChassisMotionEst_Q
                0x20000198       0x90 build/chassis_task.o
                0x20000198                ChassisMotionEst_Q
 .data.ChassisMotionEst_R
                0x20000228       0x40 build/chassis_task.o
                0x20000228                ChassisMotionEst_R
 .data.ChassisMotionEst_Sigma
                0x20000268        0x8 build/chassis_task.o
                0x20000268                ChassisMotionEst_Sigma
 .data.Gimbal_Position_Modification
                0x20000270        0x4 build/chassis_task.o
                0x20000270                Gimbal_Position_Modification
 .data.MAX_RPM  0x20000274        0x4 build/chassis_task.o
                0x20000274                MAX_RPM
 .data.Vx_k     0x20000278        0x4 build/chassis_task.o
                0x20000278                Vx_k
 .data.Vy_k     0x2000027c        0x4 build/chassis_task.o
                0x2000027c                Vy_k
 .data.debugvalue
                0x20000280        0x4 build/chassis_task.o
                0x20000280                debugvalue
 .data.use_spinningmove
                0x20000284        0x1 build/chassis_task.o
                0x20000284                use_spinningmove
 *fill*         0x20000285        0x3 
 .data.voltage_vrefint_proportion
                0x20000288        0x4 build/bsp_adc.o
                0x20000288                voltage_vrefint_proportion
 .data.gEstimateKF_F
                0x2000028c       0x24 build/GravityEstimateKF.o
                0x2000028c                gEstimateKF_F
 .data.gEstimateKF_P
                0x200002b0       0x24 build/GravityEstimateKF.o
                0x200002b0                gEstimateKF_P
 .data.gEstimateKF_Q
                0x200002d4       0x24 build/GravityEstimateKF.o
 .data.gEstimateKF_R
                0x200002f8       0x24 build/GravityEstimateKF.o
 .data.q0       0x2000031c        0x4 build/QuaternionAHRS.o
                0x2000031c                q0
 .data.twoKi    0x20000320        0x4 build/QuaternionAHRS.o
                0x20000320                twoKi
 .data.twoKp    0x20000324        0x4 build/QuaternionAHRS.o
                0x20000324                twoKp
 .data.BMI088_ACCEL_SEN
                0x20000328        0x4 build/BMI088driver.o
                0x20000328                BMI088_ACCEL_SEN
 .data.BMI088_GYRO_SEN
                0x2000032c        0x4 build/BMI088driver.o
                0x2000032c                BMI088_GYRO_SEN
 .data.caliOffset
                0x20000330        0x1 build/BMI088driver.o
                0x20000330                caliOffset
 .data.GlobalDebugMode
                0x20000331        0x1 build/user_lib.o
                0x20000331                GlobalDebugMode
 *fill*         0x20000332        0x2 
 .data._impure_ptr
                0x20000334        0x4 c:/program files (x86)/gnu arm embedded toolchain/10 2021.10/bin/../lib/gcc/arm-none-eabi/10.3.1/../../../../arm-none-eabi/lib/thumb/v7e-m+fp/hard\libc_nano.a(lib_a-impure.o)
                0x20000334                _impure_ptr
 .data.impure_data
                0x20000338       0x60 c:/program files (x86)/gnu arm embedded toolchain/10 2021.10/bin/../lib/gcc/arm-none-eabi/10.3.1/../../../../arm-none-eabi/lib/thumb/v7e-m+fp/hard\libc_nano.a(lib_a-impure.o)
                0x20000398                . = ALIGN (0x4)
                0x20000398                _edata = .
                0x0800ee98                _siccmram = LOADADDR (.ccmram)

.igot.plt       0x20000398        0x0 load address 0x0800ee98
 .igot.plt      0x20000398        0x0 c:/program files (x86)/gnu arm embedded toolchain/10 2021.10/bin/../lib/gcc/arm-none-eabi/10.3.1/thumb/v7e-m+fp/hard/crtbegin.o

.ccmram         0x10000000        0x0 load address 0x0800ee98
                0x10000000                . = ALIGN (0x4)
                0x10000000                _sccmram = .
 *(.ccmram)
 *(.ccmram*)
                0x10000000                . = ALIGN (0x4)
                0x10000000                _eccmram = .
                0x10000000                . = ALIGN (0x4)

.bss            0x20000398     0xa960
                0x20000398                _sbss = .
                0x20000398                __bss_start__ = _sbss
 *(.bss)
 .bss           0x20000398       0x1c c:/program files (x86)/gnu arm embedded toolchain/10 2021.10/bin/../lib/gcc/arm-none-eabi/10.3.1/thumb/v7e-m+fp/hard/crtbegin.o
 *(.bss*)
 .bss.ChassisTaskHandle
                0x200003b4        0x4 build/freertos.o
                0x200003b4                ChassisTaskHandle
 .bss.DetectTaskHandle
                0x200003b8        0x4 build/freertos.o
                0x200003b8                DetectTaskHandle
 .bss.GimbalTaskHandle
                0x200003bc        0x4 build/freertos.o
                0x200003bc                GimbalTaskHandle
 .bss.INSTaskHandle
                0x200003c0        0x4 build/freertos.o
                0x200003c0                INSTaskHandle
 .bss.PowerMeasureTasHandle
                0x200003c4        0x4 build/freertos.o
                0x200003c4                PowerMeasureTasHandle
 .bss.UITaskHandle
                0x200003c8        0x4 build/freertos.o
                0x200003c8                UITaskHandle
 .bss.count_shoot
                0x200003cc        0x1 build/freertos.o
                0x200003cc                count_shoot
 *fill*         0x200003cd        0x3 
 .bss.xIdleStack
                0x200003d0      0x200 build/freertos.o
 .bss.xIdleTaskTCBBuffer
                0x200005d0       0x54 build/freertos.o
 .bss.xTimerStack
                0x20000624      0x400 build/freertos.o
 .bss.xTimerTaskTCBBuffer
                0x20000a24       0x54 build/freertos.o
 .bss.hadc1     0x20000a78       0x48 build/adc.o
                0x20000a78                hadc1
 .bss.hadc3     0x20000ac0       0x48 build/adc.o
                0x20000ac0                hadc3
 .bss.HAL_RCC_CAN1_CLK_ENABLED
                0x20000b08        0x4 build/can.o
 .bss.hcan1     0x20000b0c       0x28 build/can.o
                0x20000b0c                hcan1
 .bss.hcan2     0x20000b34       0x28 build/can.o
                0x20000b34                hcan2
 .bss.hdma_i2c2_tx
                0x20000b5c       0x60 build/i2c.o
                0x20000b5c                hdma_i2c2_tx
 .bss.hi2c1     0x20000bbc       0x54 build/i2c.o
                0x20000bbc                hi2c1
 .bss.hi2c2     0x20000c10       0x54 build/i2c.o
                0x20000c10                hi2c2
 .bss.hi2c3     0x20000c64       0x54 build/i2c.o
                0x20000c64                hi2c3
 .bss.hiwdg     0x20000cb8        0xc build/iwdg.o
                0x20000cb8                hiwdg
 .bss.hdma_spi1_rx
                0x20000cc4       0x60 build/spi.o
                0x20000cc4                hdma_spi1_rx
 .bss.hdma_spi1_tx
                0x20000d24       0x60 build/spi.o
                0x20000d24                hdma_spi1_tx
 .bss.hspi1     0x20000d84       0x58 build/spi.o
                0x20000d84                hspi1
 .bss.hspi2     0x20000ddc       0x58 build/spi.o
                0x20000ddc                hspi2
 .bss.htim1     0x20000e34       0x40 build/tim.o
                0x20000e34                htim1
 .bss.htim10    0x20000e74       0x40 build/tim.o
                0x20000e74                htim10
 .bss.htim3     0x20000eb4       0x40 build/tim.o
                0x20000eb4                htim3
 .bss.htim4     0x20000ef4       0x40 build/tim.o
                0x20000ef4                htim4
 .bss.htim5     0x20000f34       0x40 build/tim.o
                0x20000f34                htim5
 .bss.htim8     0x20000f74       0x40 build/tim.o
                0x20000f74                htim8
 .bss.hdma_usart1_rx
                0x20000fb4       0x60 build/usart.o
                0x20000fb4                hdma_usart1_rx
 .bss.hdma_usart1_tx
                0x20001014       0x60 build/usart.o
                0x20001014                hdma_usart1_tx
 .bss.hdma_usart3_rx
                0x20001074       0x60 build/usart.o
                0x20001074                hdma_usart3_rx
 .bss.hdma_usart6_rx
                0x200010d4       0x60 build/usart.o
                0x200010d4                hdma_usart6_rx
 .bss.hdma_usart6_tx
                0x20001134       0x60 build/usart.o
                0x20001134                hdma_usart6_tx
 .bss.huart1    0x20001194       0x40 build/usart.o
                0x20001194                huart1
 .bss.huart3    0x200011d4       0x40 build/usart.o
                0x200011d4                huart3
 .bss.huart6    0x20001214       0x40 build/usart.o
                0x20001214                huart6
 .bss.htim2     0x20001254       0x40 build/stm32f4xx_hal_timebase_tim.o
                0x20001254                htim2
 .bss.uwTick    0x20001294        0x4 build/stm32f4xx_hal.o
                0x20001294                uwTick
 .bss.xQueueRegistry
                0x20001298       0x40 build/queue.o
                0x20001298                xQueueRegistry
 .bss.pxCurrentTCB
                0x200012d8        0x4 build/tasks.o
                0x200012d8                pxCurrentTCB
 .bss.pxDelayedTaskList
                0x200012dc        0x4 build/tasks.o
 .bss.pxOverflowDelayedTaskList
                0x200012e0        0x4 build/tasks.o
 .bss.pxReadyTasksLists
                0x200012e4       0x8c build/tasks.o
 .bss.uxCurrentNumberOfTasks
                0x20001370        0x4 build/tasks.o
 .bss.uxDeletedTasksWaitingCleanUp
                0x20001374        0x4 build/tasks.o
 .bss.uxPendedTicks
                0x20001378        0x4 build/tasks.o
 .bss.uxSchedulerSuspended
                0x2000137c        0x4 build/tasks.o
 .bss.uxTaskNumber
                0x20001380        0x4 build/tasks.o
 .bss.uxTopReadyPriority
                0x20001384        0x4 build/tasks.o
 .bss.xDelayedTaskList1
                0x20001388       0x14 build/tasks.o
 .bss.xDelayedTaskList2
                0x2000139c       0x14 build/tasks.o
 .bss.xIdleTaskHandle
                0x200013b0        0x4 build/tasks.o
 .bss.xNextTaskUnblockTime
                0x200013b4        0x4 build/tasks.o
 .bss.xNumOfOverflows
                0x200013b8        0x4 build/tasks.o
 .bss.xPendingReadyList
                0x200013bc       0x14 build/tasks.o
 .bss.xSchedulerRunning
                0x200013d0        0x4 build/tasks.o
 .bss.xSuspendedTaskList
                0x200013d4       0x14 build/tasks.o
 .bss.xTasksWaitingTermination
                0x200013e8       0x14 build/tasks.o
 .bss.xTickCount
                0x200013fc        0x4 build/tasks.o
 .bss.xYieldPending
                0x20001400        0x4 build/tasks.o
 .bss.pxCurrentTimerList
                0x20001404        0x4 build/timers.o
 .bss.pxOverflowTimerList
                0x20001408        0x4 build/timers.o
 .bss.ucStaticTimerQueueStorage.1
                0x2000140c       0xa0 build/timers.o
 .bss.xActiveTimerList1
                0x200014ac       0x14 build/timers.o
 .bss.xActiveTimerList2
                0x200014c0       0x14 build/timers.o
 .bss.xLastTime.2
                0x200014d4        0x4 build/timers.o
 .bss.xStaticTimerQueue.0
                0x200014d8       0x48 build/timers.o
 .bss.xTimerQueue
                0x20001520        0x4 build/timers.o
 .bss.xTimerTaskHandle
                0x20001524        0x4 build/timers.o
 .bss.pxEnd     0x20001528        0x4 build/heap_4.o
 .bss.ucHeap    0x2000152c     0x6000 build/heap_4.o
 .bss.xBlockAllocatedBit
                0x2000752c        0x4 build/heap_4.o
 .bss.xFreeBytesRemaining
                0x20007530        0x4 build/heap_4.o
 .bss.xMinimumEverFreeBytesRemaining
                0x20007534        0x4 build/heap_4.o
 .bss.xStart    0x20007538        0x8 build/heap_4.o
 .bss.ucMaxSysCallPriority
                0x20007540        0x1 build/port.o
 *fill*         0x20007541        0x3 
 .bss.ulMaxPRIGROUPValue
                0x20007544        0x4 build/port.o
 .bss.ICRA_buff_debuff_zone_status
                0x20007548        0xc build/judgement_info.o
                0x20007548                ICRA_buff_debuff_zone_status
 .bss.JudgeRxData
                0x20007554        0x8 build/judgement_info.o
                0x20007554                JudgeRxData
 .bss.JudgeRxValid
                0x2000755c        0x1 build/judgement_info.o
                0x2000755c                JudgeRxValid
 *fill*         0x2000755d        0x3 
 .bss.JudgeUSART
                0x20007560        0x4 build/judgement_info.o
                0x20007560                JudgeUSART
 .bss.Shoot_Updata
                0x20007564        0x1 build/judgement_info.o
                0x20007564                Shoot_Updata
 *fill*         0x20007565        0x3 
 .bss.buff_musk
                0x20007568        0x1 build/judgement_info.o
                0x20007568                buff_musk
 *fill*         0x20007569        0x3 
 .bss.bullet_remaining
                0x2000756c        0x6 build/judgement_info.o
                0x2000756c                bullet_remaining
 .bss.count     0x20007572        0x1 build/judgement_info.o
 *fill*         0x20007573        0x1 
 .bss.dart_client_cmd
                0x20007574        0xc build/judgement_info.o
                0x20007574                dart_client_cmd
 .bss.dart_remaining_time
                0x20007580        0x1 build/judgement_info.o
                0x20007580                dart_remaining_time
 *fill*         0x20007581        0x3 
 .bss.dart_status
                0x20007584        0x4 build/judgement_info.o
                0x20007584                dart_status
 .bss.data_length
                0x20007588        0x2 build/judgement_info.o
 *fill*         0x2000758a        0x2 
 .bss.event_data
                0x2000758c        0x4 build/judgement_info.o
                0x2000758c                event_data
 .bss.game_result
                0x20007590        0x1 build/judgement_info.o
                0x20007590                game_result
 *fill*         0x20007591        0x3 
 .bss.game_robot_HP
                0x20007594       0x20 build/judgement_info.o
                0x20007594                game_robot_HP
 .bss.game_robot_pos
                0x200075b4       0x10 build/judgement_info.o
                0x200075b4                game_robot_pos
 .bss.game_status
                0x200075c4        0xb build/judgement_info.o
                0x200075c4                game_status
 *fill*         0x200075cf        0x1 
 .bss.judgement_receive
                0x200075d0       0x8d build/judgement_info.o
                0x200075d0                judgement_receive
 *fill*         0x2000765d        0x3 
 .bss.map_interactivity
                0x20007660       0x10 build/judgement_info.o
                0x20007660                map_interactivity
 .bss.p_header  0x20007670        0x4 build/judgement_info.o
 .bss.power_heat_data_t
                0x20007674       0x10 build/judgement_info.o
                0x20007674                power_heat_data_t
 .bss.referee_warning
                0x20007684        0x2 build/judgement_info.o
                0x20007684                referee_warning
 *fill*         0x20007686        0x2 
 .bss.rfid_status
                0x20007688        0x4 build/judgement_info.o
                0x20007688                rfid_status
 .bss.robot_energy
                0x2000768c        0x1 build/judgement_info.o
                0x2000768c                robot_energy
 *fill*         0x2000768d        0x3 
 .bss.robot_hurt
                0x20007690        0x1 build/judgement_info.o
                0x20007690                robot_hurt
 *fill*         0x20007691        0x3 
 .bss.robot_interactive_data
                0x20007694       0x1e build/judgement_info.o
                0x20007694                robot_interactive_data
 *fill*         0x200076b2        0x2 
 .bss.robot_state
                0x200076b4       0x1c build/judgement_info.o
                0x200076b4                robot_state
 .bss.shoot_data
                0x200076d0        0x8 build/judgement_info.o
                0x200076d0                shoot_data
 .bss.student_interactive_header_data
                0x200076d8       0x7c build/judgement_info.o
                0x200076d8                student_interactive_header_data
 .bss.supply_projectile_action
                0x20007754        0x4 build/judgement_info.o
                0x20007754                supply_projectile_action
 .bss.CAN_Send_Data.2
                0x20007758        0x8 build/motor.o
 .bss.RMD_data  0x20007760        0x8 build/motor.o
                0x20007760                RMD_data
 .bss.TX_MSG.3  0x20007768       0x18 build/motor.o
 .bss.DebugBuffer
                0x20007780       0x64 build/SerialDebug.o
                0x20007780                DebugBuffer
 .bss.Debug_Count
                0x200077e4        0x1 build/SerialDebug.o
                0x200077e4                Debug_Count
 *fill*         0x200077e5        0x3 
 .bss.decimal.0
                0x200077e8        0x4 build/SerialDebug.o
 .bss.integer.1
                0x200077ec        0x4 build/SerialDebug.o
 .bss.BoardState
                0x200077f0        0x8 build/detect_task.o
                0x200077f0                BoardState
 .bss.Detect_List
                0x200077f8      0x230 build/detect_task.o
                0x200077f8                Detect_List
 .bss.error_num_display.0
                0x20007a28        0x1 build/detect_task.o
 *fill*         0x20007a29        0x3 
 .bss.resetCount
                0x20007a2c        0x4 build/detect_task.o
                0x20007a2c                resetCount
 .bss.system_time.1
                0x20007a30        0x4 build/detect_task.o
 .bss.system_time.2
                0x20007a34        0x4 build/detect_task.o
 .bss.Gimbal    0x20007a38      0xad0 build/gimbal_task.o
                0x20007a38                Gimbal
 .bss.Gimbal_Data
                0x20008508       0x14 build/gimbal_task.o
                0x20008508                Gimbal_Data
 .bss.INS_DWT_Count
                0x2000851c        0x4 build/ins_task.o
                0x2000851c                INS_DWT_Count
 .bss.TempCtrl  0x20008520       0xb8 build/ins_task.o
                0x20008520                TempCtrl
 .bss.count.0   0x200085d8        0x4 build/ins_task.o
 .bss.dt        0x200085dc        0x4 build/ins_task.o
 .bss.ins_debug_mode
                0x200085e0        0x1 build/ins_task.o
                0x200085e0                ins_debug_mode
 *fill*         0x200085e1        0x3 
 .bss.t         0x200085e4        0x4 build/ins_task.o
 .bss.RC_DWT_Count
                0x200085e8        0x4 build/remote_control.o
                0x200085e8                RC_DWT_Count
 .bss.RC_Data_Buffer
                0x200085ec       0x10 build/remote_control.o
                0x200085ec                RC_Data_Buffer
 .bss.RC_Update
                0x200085fc        0x1 build/remote_control.o
                0x200085fc                RC_Update
 *fill*         0x200085fd        0x3 
 .bss.RC_dt     0x20008600        0x4 build/remote_control.o
                0x20008600                RC_dt
 .bss.remote_control
                0x20008604       0x1c build/remote_control.o
                0x20008604                remote_control
 .bss.sbus_rx_buf
                0x20008620       0x24 build/remote_control.o
                0x20008620                sbus_rx_buf
 *fill*         0x20008644        0x4 
 .bss.Chassis   0x20008648     0x1e90 build/chassis_task.o
                0x20008648                Chassis
 .bss.Chassis_DWT_Count
                0x2000a4d8        0x4 build/chassis_task.o
                0x2000a4d8                Chassis_DWT_Count
 .bss.InPosCount
                0x2000a4dc        0x4 build/chassis_task.o
                0x2000a4dc                InPosCount
 .bss.InPosFlag
                0x2000a4e0        0x1 build/chassis_task.o
                0x2000a4e0                InPosFlag
 *fill*         0x2000a4e1        0x1 
 .bss.LastKeyCode.22
                0x2000a4e2        0x2 build/chassis_task.o
 .bss.ReachCount
                0x2000a4e4        0x2 build/chassis_task.o
                0x2000a4e4                ReachCount
 .bss.ReachFinished
                0x2000a4e6        0x1 build/chassis_task.o
                0x2000a4e6                ReachFinished
 *fill*         0x2000a4e7        0x1 
 .bss.SpiningDistance.11
                0x2000a4e8        0x4 build/chassis_task.o
 .bss.SpinningValidTheta
                0x2000a4ec        0x4 build/chassis_task.o
                0x2000a4ec                SpinningValidTheta
 .bss.SpinningValidVx
                0x2000a4f0        0x4 build/chassis_task.o
                0x2000a4f0                SpinningValidVx
 .bss.SpinningValidVy
                0x2000a4f4        0x4 build/chassis_task.o
                0x2000a4f4                SpinningValidVy
 .bss.TempAerialX
                0x2000a4f8        0x4 build/chassis_task.o
                0x2000a4f8                TempAerialX
 .bss.TempAerialY
                0x2000a4fc        0x4 build/chassis_task.o
                0x2000a4fc                TempAerialY
 .bss.TempMaxVelocity.3
                0x2000a500        0x4 build/chassis_task.o
 .bss.Temp_Vx.21
                0x2000a504        0x4 build/chassis_task.o
 .bss.Temp_Vy.20
                0x2000a508        0x4 build/chassis_task.o
 .bss.aimssistLoseCount
                0x2000a50c        0x4 build/chassis_task.o
                0x2000a50c                aimssistLoseCount
 .bss.center_count.7
                0x2000a510        0x4 build/chassis_task.o
 .bss.count.0   0x2000a514        0x4 build/chassis_task.o
 .bss.data_novalid_count.5
                0x2000a518        0x4 build/chassis_task.o
 .bss.dt        0x2000a51c        0x4 build/chassis_task.o
 .bss.edge_count.6
                0x2000a520        0x4 build/chassis_task.o
 .bss.is_velocity.16
                0x2000a524        0x1 build/chassis_task.o
 .bss.last_game_status
                0x2000a525        0x1 build/chassis_task.o
                0x2000a525                last_game_status
 *fill*         0x2000a526        0x2 
 .bss.max_num.2
                0x2000a528        0x4 build/chassis_task.o
 .bss.move_ratio.15
                0x2000a52c        0x4 build/chassis_task.o
 .bss.nanCount  0x2000a530        0x4 build/chassis_task.o
                0x2000a530                nanCount
 .bss.outpost_HP
                0x2000a534        0x2 build/chassis_task.o
                0x2000a534                outpost_HP
 *fill*         0x2000a536        0x2 
 .bss.posX100.13
                0x2000a538        0x4 build/chassis_task.o
 .bss.posY100.12
                0x2000a53c        0x4 build/chassis_task.o
 .bss.preFollowTheta
                0x2000a540        0x4 build/chassis_task.o
                0x2000a540                preFollowTheta
 .bss.reach_count.10
                0x2000a544        0x4 build/chassis_task.o
 .bss.reach_num.14
                0x2000a548        0x1 build/chassis_task.o
 *fill*         0x2000a549        0x1 
 .bss.sentry_HP
                0x2000a54a        0x2 build/chassis_task.o
                0x2000a54a                sentry_HP
 .bss.sigmaSqrt.23
                0x2000a54c        0x8 build/chassis_task.o
 .bss.spinnig_center0_temp.9
                0x2000a554        0x4 build/chassis_task.o
 .bss.spinnig_center1_temp.8
                0x2000a558        0x4 build/chassis_task.o
 .bss.t         0x2000a55c        0x4 build/chassis_task.o
 .bss.tempTime_Sprint
                0x2000a560        0x4 build/chassis_task.o
                0x2000a560                tempTime_Sprint
 .bss.tempVal.18
                0x2000a564        0x4 build/chassis_task.o
 .bss.tempVr.17
                0x2000a568        0x4 build/chassis_task.o
 .bss.thetaFrameNum.4
                0x2000a56c        0x1 build/chassis_task.o
 *fill*         0x2000a56d        0x3 
 .bss.time_temp
                0x2000a570        0x4 build/chassis_task.o
                0x2000a570                time_temp
 .bss.user_count_time
                0x2000a574        0x4 build/chassis_task.o
                0x2000a574                user_count_time
 .bss.ina226    0x2000a578       0x6c build/power_measure.o
                0x2000a578                ina226
 .bss.CAN_Send_Data.1
                0x2000a5e4        0x8 build/bsp_CAN.o
 .bss.CAN_Send_Data.11
                0x2000a5ec        0x8 build/bsp_CAN.o
 .bss.CAN_Send_Data.15
                0x2000a5f4        0x8 build/bsp_CAN.o
 .bss.CAN_Send_Data.9
                0x2000a5fc        0x8 build/bsp_CAN.o
 .bss.RC_Data_Buf.17
                0x2000a604       0x10 build/bsp_CAN.o
 .bss.TX_MSG.10
                0x2000a614       0x18 build/bsp_CAN.o
 .bss.TX_MSG.12
                0x2000a62c       0x18 build/bsp_CAN.o
 .bss.TX_MSG.16
                0x2000a644       0x18 build/bsp_CAN.o
 .bss.TX_MSG.2  0x2000a65c       0x18 build/bsp_CAN.o
 .bss.TempPlanX1000
                0x2000a674        0x2 build/bsp_CAN.o
                0x2000a674                TempPlanX1000
 .bss.TempPlanY1000
                0x2000a676        0x2 build/bsp_CAN.o